<!doctype html public "-//w3c//dtd html 4.0 transitional//en">
<html><head>
<title>Static Call Graph - [.\Objects\template.axf]</title></head>
<body><HR>
<H1>Static Call Graph for image .\Objects\template.axf</H1><HR>
<BR><P>#&#060CALLGRAPH&#062# ARM Linker, 5060750: Last Updated: Thu Mar 26 14:38:53 2020
<BR><P>
<H3>Maximum Stack Usage =       2468 bytes + Unknown(Functions without stacksize, Cycles, Untraceable Function Pointers)</H3><H3>
Call chain for Maximum Stack Depth:</H3>
xts_aes_setkey_dec_wrap &rArr; mbedtls_aes_xts_setkey_dec &rArr; mbedtls_aes_setkey_dec &rArr; mbedtls_aes_setkey_enc &rArr; aes_gen_tables
<P>
<H3>
Functions with no stack information
</H3><UL>
 <LI><a href="#[f3]">__user_initial_stackheap</a>
 <LI><a href="#[1c7]">CPU_IntDis</a>
 <LI><a href="#[205]">CPU_IntEn</a>
 <LI><a href="#[fd]">CPU_SR_Save</a>
 <LI><a href="#[100]">CPU_SR_Restore</a>
 <LI><a href="#[206]">CPU_WaitForInt</a>
 <LI><a href="#[207]">CPU_WaitForExcept</a>
 <LI><a href="#[164]">CPU_CntLeadZeros</a>
 <LI><a href="#[208]">CPU_CntTrailZeros</a>
 <LI><a href="#[209]">CPU_RevBits</a>
 <LI><a href="#[131]">OSStartHighRdy</a>
 <LI><a href="#[218]">OSCtxSw</a>
 <LI><a href="#[219]">OSIntCtxSw</a>
 <LI><a href="#[13]">PendSV_Handler</a>
</UL>
</UL>
<P>
<H3>
Mutually Recursive functions
</H3> <LI><a href="#[27]">ADC_IRQHandler</a>&nbsp;&nbsp;&nbsp;&rArr;&nbsp;&nbsp;&nbsp;<a href="#[27]">ADC_IRQHandler</a><BR>
 <LI><a href="#[f]">BusFault_Handler</a>&nbsp;&nbsp;&nbsp;&rArr;&nbsp;&nbsp;&nbsp;<a href="#[f]">BusFault_Handler</a><BR>
 <LI><a href="#[d]">HardFault_Handler</a>&nbsp;&nbsp;&nbsp;&rArr;&nbsp;&nbsp;&nbsp;<a href="#[d]">HardFault_Handler</a><BR>
 <LI><a href="#[e]">MemManage_Handler</a>&nbsp;&nbsp;&nbsp;&rArr;&nbsp;&nbsp;&nbsp;<a href="#[e]">MemManage_Handler</a><BR>
 <LI><a href="#[10]">UsageFault_Handler</a>&nbsp;&nbsp;&nbsp;&rArr;&nbsp;&nbsp;&nbsp;<a href="#[10]">UsageFault_Handler</a><BR>
 <LI><a href="#[1db]">mbedtls_gcm_update</a>&nbsp;&nbsp;&nbsp;&rArr;&nbsp;&nbsp;&nbsp;<a href="#[177]">mbedtls_cipher_update</a><BR>
</UL>
<P>
<H3>
Function Pointers
</H3><UL>
 <LI><a href="#[27]">ADC_IRQHandler</a> from startup_stm32f40_41xxx.o(.text) referenced from startup_stm32f40_41xxx.o(RESET)
 <LI><a href="#[f]">BusFault_Handler</a> from stm32f4xx_it.o(i.BusFault_Handler) referenced from startup_stm32f40_41xxx.o(RESET)
 <LI><a href="#[29]">CAN1_RX0_IRQHandler</a> from startup_stm32f40_41xxx.o(.text) referenced from startup_stm32f40_41xxx.o(RESET)
 <LI><a href="#[2a]">CAN1_RX1_IRQHandler</a> from startup_stm32f40_41xxx.o(.text) referenced from startup_stm32f40_41xxx.o(RESET)
 <LI><a href="#[2b]">CAN1_SCE_IRQHandler</a> from startup_stm32f40_41xxx.o(.text) referenced from startup_stm32f40_41xxx.o(RESET)
 <LI><a href="#[28]">CAN1_TX_IRQHandler</a> from startup_stm32f40_41xxx.o(.text) referenced from startup_stm32f40_41xxx.o(RESET)
 <LI><a href="#[55]">CAN2_RX0_IRQHandler</a> from startup_stm32f40_41xxx.o(.text) referenced from startup_stm32f40_41xxx.o(RESET)
 <LI><a href="#[56]">CAN2_RX1_IRQHandler</a> from startup_stm32f40_41xxx.o(.text) referenced from startup_stm32f40_41xxx.o(RESET)
 <LI><a href="#[57]">CAN2_SCE_IRQHandler</a> from startup_stm32f40_41xxx.o(.text) referenced from startup_stm32f40_41xxx.o(RESET)
 <LI><a href="#[54]">CAN2_TX_IRQHandler</a> from startup_stm32f40_41xxx.o(.text) referenced from startup_stm32f40_41xxx.o(RESET)
 <LI><a href="#[64]">CRYP_IRQHandler</a> from startup_stm32f40_41xxx.o(.text) referenced from startup_stm32f40_41xxx.o(RESET)
 <LI><a href="#[63]">DCMI_IRQHandler</a> from startup_stm32f40_41xxx.o(.text) referenced from startup_stm32f40_41xxx.o(RESET)
 <LI><a href="#[20]">DMA1_Stream0_IRQHandler</a> from startup_stm32f40_41xxx.o(.text) referenced from startup_stm32f40_41xxx.o(RESET)
 <LI><a href="#[21]">DMA1_Stream1_IRQHandler</a> from startup_stm32f40_41xxx.o(.text) referenced from startup_stm32f40_41xxx.o(RESET)
 <LI><a href="#[22]">DMA1_Stream2_IRQHandler</a> from startup_stm32f40_41xxx.o(.text) referenced from startup_stm32f40_41xxx.o(RESET)
 <LI><a href="#[23]">DMA1_Stream3_IRQHandler</a> from startup_stm32f40_41xxx.o(.text) referenced from startup_stm32f40_41xxx.o(RESET)
 <LI><a href="#[24]">DMA1_Stream4_IRQHandler</a> from startup_stm32f40_41xxx.o(.text) referenced from startup_stm32f40_41xxx.o(RESET)
 <LI><a href="#[25]">DMA1_Stream5_IRQHandler</a> from startup_stm32f40_41xxx.o(.text) referenced from startup_stm32f40_41xxx.o(RESET)
 <LI><a href="#[26]">DMA1_Stream6_IRQHandler</a> from startup_stm32f40_41xxx.o(.text) referenced from startup_stm32f40_41xxx.o(RESET)
 <LI><a href="#[44]">DMA1_Stream7_IRQHandler</a> from startup_stm32f40_41xxx.o(.text) referenced from startup_stm32f40_41xxx.o(RESET)
 <LI><a href="#[4d]">DMA2_Stream0_IRQHandler</a> from startup_stm32f40_41xxx.o(.text) referenced from startup_stm32f40_41xxx.o(RESET)
 <LI><a href="#[4e]">DMA2_Stream1_IRQHandler</a> from startup_stm32f40_41xxx.o(.text) referenced from startup_stm32f40_41xxx.o(RESET)
 <LI><a href="#[4f]">DMA2_Stream2_IRQHandler</a> from startup_stm32f40_41xxx.o(.text) referenced from startup_stm32f40_41xxx.o(RESET)
 <LI><a href="#[50]">DMA2_Stream3_IRQHandler</a> from startup_stm32f40_41xxx.o(.text) referenced from startup_stm32f40_41xxx.o(RESET)
 <LI><a href="#[51]">DMA2_Stream4_IRQHandler</a> from startup_stm32f40_41xxx.o(.text) referenced from startup_stm32f40_41xxx.o(RESET)
 <LI><a href="#[59]">DMA2_Stream5_IRQHandler</a> from startup_stm32f40_41xxx.o(.text) referenced from startup_stm32f40_41xxx.o(RESET)
 <LI><a href="#[5a]">DMA2_Stream6_IRQHandler</a> from startup_stm32f40_41xxx.o(.text) referenced from startup_stm32f40_41xxx.o(RESET)
 <LI><a href="#[5b]">DMA2_Stream7_IRQHandler</a> from startup_stm32f40_41xxx.o(.text) referenced from startup_stm32f40_41xxx.o(RESET)
 <LI><a href="#[12]">DebugMon_Handler</a> from stm32f4xx_it.o(i.DebugMon_Handler) referenced from startup_stm32f40_41xxx.o(RESET)
 <LI><a href="#[52]">ETH_IRQHandler</a> from startup_stm32f40_41xxx.o(.text) referenced from startup_stm32f40_41xxx.o(RESET)
 <LI><a href="#[53]">ETH_WKUP_IRQHandler</a> from startup_stm32f40_41xxx.o(.text) referenced from startup_stm32f40_41xxx.o(RESET)
 <LI><a href="#[1b]">EXTI0_IRQHandler</a> from startup_stm32f40_41xxx.o(.text) referenced from startup_stm32f40_41xxx.o(RESET)
 <LI><a href="#[3d]">EXTI15_10_IRQHandler</a> from startup_stm32f40_41xxx.o(.text) referenced from startup_stm32f40_41xxx.o(RESET)
 <LI><a href="#[1c]">EXTI1_IRQHandler</a> from startup_stm32f40_41xxx.o(.text) referenced from startup_stm32f40_41xxx.o(RESET)
 <LI><a href="#[1d]">EXTI2_IRQHandler</a> from startup_stm32f40_41xxx.o(.text) referenced from startup_stm32f40_41xxx.o(RESET)
 <LI><a href="#[1e]">EXTI3_IRQHandler</a> from startup_stm32f40_41xxx.o(.text) referenced from startup_stm32f40_41xxx.o(RESET)
 <LI><a href="#[1f]">EXTI4_IRQHandler</a> from startup_stm32f40_41xxx.o(.text) referenced from startup_stm32f40_41xxx.o(RESET)
 <LI><a href="#[2c]">EXTI9_5_IRQHandler</a> from stm32f4xx_it.o(i.EXTI9_5_IRQHandler) referenced from startup_stm32f40_41xxx.o(RESET)
 <LI><a href="#[19]">FLASH_IRQHandler</a> from startup_stm32f40_41xxx.o(.text) referenced from startup_stm32f40_41xxx.o(RESET)
 <LI><a href="#[66]">FPU_IRQHandler</a> from startup_stm32f40_41xxx.o(.text) referenced from startup_stm32f40_41xxx.o(RESET)
 <LI><a href="#[45]">FSMC_IRQHandler</a> from startup_stm32f40_41xxx.o(.text) referenced from startup_stm32f40_41xxx.o(RESET)
 <LI><a href="#[65]">HASH_RNG_IRQHandler</a> from startup_stm32f40_41xxx.o(.text) referenced from startup_stm32f40_41xxx.o(RESET)
 <LI><a href="#[d]">HardFault_Handler</a> from stm32f4xx_it.o(i.HardFault_Handler) referenced from startup_stm32f40_41xxx.o(RESET)
 <LI><a href="#[35]">I2C1_ER_IRQHandler</a> from startup_stm32f40_41xxx.o(.text) referenced from startup_stm32f40_41xxx.o(RESET)
 <LI><a href="#[34]">I2C1_EV_IRQHandler</a> from startup_stm32f40_41xxx.o(.text) referenced from startup_stm32f40_41xxx.o(RESET)
 <LI><a href="#[37]">I2C2_ER_IRQHandler</a> from startup_stm32f40_41xxx.o(.text) referenced from startup_stm32f40_41xxx.o(RESET)
 <LI><a href="#[36]">I2C2_EV_IRQHandler</a> from startup_stm32f40_41xxx.o(.text) referenced from startup_stm32f40_41xxx.o(RESET)
 <LI><a href="#[5e]">I2C3_ER_IRQHandler</a> from startup_stm32f40_41xxx.o(.text) referenced from startup_stm32f40_41xxx.o(RESET)
 <LI><a href="#[5d]">I2C3_EV_IRQHandler</a> from startup_stm32f40_41xxx.o(.text) referenced from startup_stm32f40_41xxx.o(RESET)
 <LI><a href="#[e]">MemManage_Handler</a> from stm32f4xx_it.o(i.MemManage_Handler) referenced from startup_stm32f40_41xxx.o(RESET)
 <LI><a href="#[c]">NMI_Handler</a> from stm32f4xx_it.o(i.NMI_Handler) referenced from startup_stm32f40_41xxx.o(RESET)
 <LI><a href="#[6b]">OSTaskSwHook</a> from os_cpu_c.o(i.OSTaskSwHook) referenced from os_cpu_a.o(CODE)
 <LI><a href="#[6d]">OS_IdleTask</a> from os_core.o(i.OS_IdleTask) referenced from os_core.o(i.OS_IdleTaskInit)
 <LI><a href="#[6e]">OS_IntQTask</a> from os_int.o(i.OS_IntQTask) referenced from os_int.o(i.OS_IntQTaskInit)
 <LI><a href="#[6f]">OS_StatTask</a> from os_stat.o(i.OS_StatTask) referenced from os_stat.o(i.OS_StatTaskInit)
 <LI><a href="#[6c]">OS_TaskReturn</a> from os_task.o(i.OS_TaskReturn) referenced from os_cpu_c.o(i.OSTaskStkInit)
 <LI><a href="#[70]">OS_TickTask</a> from os_tick.o(i.OS_TickTask) referenced from os_tick.o(i.OS_TickTaskInit)
 <LI><a href="#[71]">OS_TmrTask</a> from os_tmr.o(i.OS_TmrTask) referenced from os_tmr.o(i.OS_TmrInit)
 <LI><a href="#[58]">OTG_FS_IRQHandler</a> from startup_stm32f40_41xxx.o(.text) referenced from startup_stm32f40_41xxx.o(RESET)
 <LI><a href="#[3f]">OTG_FS_WKUP_IRQHandler</a> from startup_stm32f40_41xxx.o(.text) referenced from startup_stm32f40_41xxx.o(RESET)
 <LI><a href="#[60]">OTG_HS_EP1_IN_IRQHandler</a> from startup_stm32f40_41xxx.o(.text) referenced from startup_stm32f40_41xxx.o(RESET)
 <LI><a href="#[5f]">OTG_HS_EP1_OUT_IRQHandler</a> from startup_stm32f40_41xxx.o(.text) referenced from startup_stm32f40_41xxx.o(RESET)
 <LI><a href="#[62]">OTG_HS_IRQHandler</a> from startup_stm32f40_41xxx.o(.text) referenced from startup_stm32f40_41xxx.o(RESET)
 <LI><a href="#[61]">OTG_HS_WKUP_IRQHandler</a> from startup_stm32f40_41xxx.o(.text) referenced from startup_stm32f40_41xxx.o(RESET)
 <LI><a href="#[16]">PVD_IRQHandler</a> from startup_stm32f40_41xxx.o(.text) referenced from startup_stm32f40_41xxx.o(RESET)
 <LI><a href="#[13]">PendSV_Handler</a> from os_cpu_a.o(CODE) referenced from startup_stm32f40_41xxx.o(RESET)
 <LI><a href="#[1a]">RCC_IRQHandler</a> from startup_stm32f40_41xxx.o(.text) referenced from startup_stm32f40_41xxx.o(RESET)
 <LI><a href="#[3e]">RTC_Alarm_IRQHandler</a> from startup_stm32f40_41xxx.o(.text) referenced from startup_stm32f40_41xxx.o(RESET)
 <LI><a href="#[18]">RTC_WKUP_IRQHandler</a> from startup_stm32f40_41xxx.o(.text) referenced from startup_stm32f40_41xxx.o(RESET)
 <LI><a href="#[b]">Reset_Handler</a> from startup_stm32f40_41xxx.o(.text) referenced from startup_stm32f40_41xxx.o(RESET)
 <LI><a href="#[46]">SDIO_IRQHandler</a> from startup_stm32f40_41xxx.o(.text) referenced from startup_stm32f40_41xxx.o(RESET)
 <LI><a href="#[38]">SPI1_IRQHandler</a> from startup_stm32f40_41xxx.o(.text) referenced from startup_stm32f40_41xxx.o(RESET)
 <LI><a href="#[39]">SPI2_IRQHandler</a> from startup_stm32f40_41xxx.o(.text) referenced from startup_stm32f40_41xxx.o(RESET)
 <LI><a href="#[48]">SPI3_IRQHandler</a> from startup_stm32f40_41xxx.o(.text) referenced from startup_stm32f40_41xxx.o(RESET)
 <LI><a href="#[11]">SVC_Handler</a> from stm32f4xx_it.o(i.SVC_Handler) referenced from startup_stm32f40_41xxx.o(RESET)
 <LI><a href="#[14]">SysTick_Handler</a> from stm32f4xx_it.o(i.SysTick_Handler) referenced from startup_stm32f40_41xxx.o(RESET)
 <LI><a href="#[67]">SystemInit</a> from system_stm32f4xx.o(i.SystemInit) referenced from startup_stm32f40_41xxx.o(.text)
 <LI><a href="#[17]">TAMP_STAMP_IRQHandler</a> from startup_stm32f40_41xxx.o(.text) referenced from startup_stm32f40_41xxx.o(RESET)
 <LI><a href="#[2d]">TIM1_BRK_TIM9_IRQHandler</a> from startup_stm32f40_41xxx.o(.text) referenced from startup_stm32f40_41xxx.o(RESET)
 <LI><a href="#[30]">TIM1_CC_IRQHandler</a> from startup_stm32f40_41xxx.o(.text) referenced from startup_stm32f40_41xxx.o(RESET)
 <LI><a href="#[2f]">TIM1_TRG_COM_TIM11_IRQHandler</a> from startup_stm32f40_41xxx.o(.text) referenced from startup_stm32f40_41xxx.o(RESET)
 <LI><a href="#[2e]">TIM1_UP_TIM10_IRQHandler</a> from startup_stm32f40_41xxx.o(.text) referenced from startup_stm32f40_41xxx.o(RESET)
 <LI><a href="#[31]">TIM2_IRQHandler</a> from startup_stm32f40_41xxx.o(.text) referenced from startup_stm32f40_41xxx.o(RESET)
 <LI><a href="#[32]">TIM3_IRQHandler</a> from startup_stm32f40_41xxx.o(.text) referenced from startup_stm32f40_41xxx.o(RESET)
 <LI><a href="#[33]">TIM4_IRQHandler</a> from startup_stm32f40_41xxx.o(.text) referenced from startup_stm32f40_41xxx.o(RESET)
 <LI><a href="#[47]">TIM5_IRQHandler</a> from startup_stm32f40_41xxx.o(.text) referenced from startup_stm32f40_41xxx.o(RESET)
 <LI><a href="#[4b]">TIM6_DAC_IRQHandler</a> from startup_stm32f40_41xxx.o(.text) referenced from startup_stm32f40_41xxx.o(RESET)
 <LI><a href="#[4c]">TIM7_IRQHandler</a> from startup_stm32f40_41xxx.o(.text) referenced from startup_stm32f40_41xxx.o(RESET)
 <LI><a href="#[40]">TIM8_BRK_TIM12_IRQHandler</a> from startup_stm32f40_41xxx.o(.text) referenced from startup_stm32f40_41xxx.o(RESET)
 <LI><a href="#[43]">TIM8_CC_IRQHandler</a> from startup_stm32f40_41xxx.o(.text) referenced from startup_stm32f40_41xxx.o(RESET)
 <LI><a href="#[42]">TIM8_TRG_COM_TIM14_IRQHandler</a> from startup_stm32f40_41xxx.o(.text) referenced from startup_stm32f40_41xxx.o(RESET)
 <LI><a href="#[41]">TIM8_UP_TIM13_IRQHandler</a> from startup_stm32f40_41xxx.o(.text) referenced from startup_stm32f40_41xxx.o(RESET)
 <LI><a href="#[49]">UART4_IRQHandler</a> from startup_stm32f40_41xxx.o(.text) referenced from startup_stm32f40_41xxx.o(RESET)
 <LI><a href="#[4a]">UART5_IRQHandler</a> from startup_stm32f40_41xxx.o(.text) referenced from startup_stm32f40_41xxx.o(RESET)
 <LI><a href="#[3a]">USART1_IRQHandler</a> from startup_stm32f40_41xxx.o(.text) referenced from startup_stm32f40_41xxx.o(RESET)
 <LI><a href="#[3b]">USART2_IRQHandler</a> from startup_stm32f40_41xxx.o(.text) referenced from startup_stm32f40_41xxx.o(RESET)
 <LI><a href="#[3c]">USART3_IRQHandler</a> from startup_stm32f40_41xxx.o(.text) referenced from startup_stm32f40_41xxx.o(RESET)
 <LI><a href="#[5c]">USART6_IRQHandler</a> from startup_stm32f40_41xxx.o(.text) referenced from startup_stm32f40_41xxx.o(RESET)
 <LI><a href="#[10]">UsageFault_Handler</a> from stm32f4xx_it.o(i.UsageFault_Handler) referenced from startup_stm32f40_41xxx.o(RESET)
 <LI><a href="#[15]">WWDG_IRQHandler</a> from startup_stm32f40_41xxx.o(.text) referenced from startup_stm32f40_41xxx.o(RESET)
 <LI><a href="#[be]">__main</a> from __main.o(!!!main) referenced from startup_stm32f40_41xxx.o(.text)
 <LI><a href="#[69]">_printf_input_char</a> from _printf_char_common.o(.text) referenced from _printf_char_common.o(.text)
 <LI><a href="#[75]">add_one_and_zeros_padding</a> from cipher.o(i.add_one_and_zeros_padding) referenced from cipher.o(i.mbedtls_cipher_set_padding_mode)
 <LI><a href="#[73]">add_pkcs_padding</a> from cipher.o(i.add_pkcs_padding) referenced from cipher.o(i.mbedtls_cipher_set_padding_mode)
 <LI><a href="#[77]">add_zeros_and_len_padding</a> from cipher.o(i.add_zeros_and_len_padding) referenced from cipher.o(i.mbedtls_cipher_set_padding_mode)
 <LI><a href="#[79]">add_zeros_padding</a> from cipher.o(i.add_zeros_padding) referenced from cipher.o(i.mbedtls_cipher_set_padding_mode)
 <LI><a href="#[81]">aes_crypt_cbc_wrap</a> from cipher_wrap.o(i.aes_crypt_cbc_wrap) referenced from cipher_wrap.o(.constdata)
 <LI><a href="#[82]">aes_crypt_cfb128_wrap</a> from cipher_wrap.o(i.aes_crypt_cfb128_wrap) referenced from cipher_wrap.o(.constdata)
 <LI><a href="#[84]">aes_crypt_ctr_wrap</a> from cipher_wrap.o(i.aes_crypt_ctr_wrap) referenced from cipher_wrap.o(.constdata)
 <LI><a href="#[80]">aes_crypt_ecb_wrap</a> from cipher_wrap.o(i.aes_crypt_ecb_wrap) referenced from cipher_wrap.o(.constdata)
 <LI><a href="#[83]">aes_crypt_ofb_wrap</a> from cipher_wrap.o(i.aes_crypt_ofb_wrap) referenced from cipher_wrap.o(.constdata)
 <LI><a href="#[89]">aes_crypt_xts_wrap</a> from cipher_wrap.o(i.aes_crypt_xts_wrap) referenced from cipher_wrap.o(.constdata)
 <LI><a href="#[87]">aes_ctx_alloc</a> from cipher_wrap.o(i.aes_ctx_alloc) referenced from cipher_wrap.o(.constdata)
 <LI><a href="#[88]">aes_ctx_free</a> from cipher_wrap.o(i.aes_ctx_free) referenced from cipher_wrap.o(.constdata)
 <LI><a href="#[86]">aes_setkey_dec_wrap</a> from cipher_wrap.o(i.aes_setkey_dec_wrap) referenced from cipher_wrap.o(.constdata)
 <LI><a href="#[85]">aes_setkey_enc_wrap</a> from cipher_wrap.o(i.aes_setkey_enc_wrap) referenced from cipher_wrap.o(.constdata)
 <LI><a href="#[b3]">arc4_crypt_stream_wrap</a> from cipher_wrap.o(i.arc4_crypt_stream_wrap) referenced from cipher_wrap.o(.constdata)
 <LI><a href="#[b5]">arc4_ctx_alloc</a> from cipher_wrap.o(i.arc4_ctx_alloc) referenced from cipher_wrap.o(.constdata)
 <LI><a href="#[b6]">arc4_ctx_free</a> from cipher_wrap.o(i.arc4_ctx_free) referenced from cipher_wrap.o(.constdata)
 <LI><a href="#[b4]">arc4_setkey_wrap</a> from cipher_wrap.o(i.arc4_setkey_wrap) referenced 2 times from cipher_wrap.o(.constdata)
 <LI><a href="#[ad]">blowfish_crypt_cbc_wrap</a> from cipher_wrap.o(i.blowfish_crypt_cbc_wrap) referenced from cipher_wrap.o(.constdata)
 <LI><a href="#[ae]">blowfish_crypt_cfb64_wrap</a> from cipher_wrap.o(i.blowfish_crypt_cfb64_wrap) referenced from cipher_wrap.o(.constdata)
 <LI><a href="#[af]">blowfish_crypt_ctr_wrap</a> from cipher_wrap.o(i.blowfish_crypt_ctr_wrap) referenced from cipher_wrap.o(.constdata)
 <LI><a href="#[ac]">blowfish_crypt_ecb_wrap</a> from cipher_wrap.o(i.blowfish_crypt_ecb_wrap) referenced from cipher_wrap.o(.constdata)
 <LI><a href="#[b1]">blowfish_ctx_alloc</a> from cipher_wrap.o(i.blowfish_ctx_alloc) referenced from cipher_wrap.o(.constdata)
 <LI><a href="#[b2]">blowfish_ctx_free</a> from cipher_wrap.o(i.blowfish_ctx_free) referenced from cipher_wrap.o(.constdata)
 <LI><a href="#[b0]">blowfish_setkey_wrap</a> from cipher_wrap.o(i.blowfish_setkey_wrap) referenced 2 times from cipher_wrap.o(.constdata)
 <LI><a href="#[95]">camellia_crypt_cbc_wrap</a> from cipher_wrap.o(i.camellia_crypt_cbc_wrap) referenced from cipher_wrap.o(.constdata)
 <LI><a href="#[96]">camellia_crypt_cfb128_wrap</a> from cipher_wrap.o(i.camellia_crypt_cfb128_wrap) referenced from cipher_wrap.o(.constdata)
 <LI><a href="#[97]">camellia_crypt_ctr_wrap</a> from cipher_wrap.o(i.camellia_crypt_ctr_wrap) referenced from cipher_wrap.o(.constdata)
 <LI><a href="#[94]">camellia_crypt_ecb_wrap</a> from cipher_wrap.o(i.camellia_crypt_ecb_wrap) referenced from cipher_wrap.o(.constdata)
 <LI><a href="#[9a]">camellia_ctx_alloc</a> from cipher_wrap.o(i.camellia_ctx_alloc) referenced from cipher_wrap.o(.constdata)
 <LI><a href="#[9b]">camellia_ctx_free</a> from cipher_wrap.o(i.camellia_ctx_free) referenced from cipher_wrap.o(.constdata)
 <LI><a href="#[99]">camellia_setkey_dec_wrap</a> from cipher_wrap.o(i.camellia_setkey_dec_wrap) referenced from cipher_wrap.o(.constdata)
 <LI><a href="#[98]">camellia_setkey_enc_wrap</a> from cipher_wrap.o(i.camellia_setkey_enc_wrap) referenced from cipher_wrap.o(.constdata)
 <LI><a href="#[91]">ccm_aes_setkey_wrap</a> from cipher_wrap.o(i.ccm_aes_setkey_wrap) referenced 2 times from cipher_wrap.o(.constdata)
 <LI><a href="#[9d]">ccm_camellia_setkey_wrap</a> from cipher_wrap.o(i.ccm_camellia_setkey_wrap) referenced 2 times from cipher_wrap.o(.constdata)
 <LI><a href="#[92]">ccm_ctx_alloc</a> from cipher_wrap.o(i.ccm_ctx_alloc) referenced 2 times from cipher_wrap.o(.constdata)
 <LI><a href="#[93]">ccm_ctx_free</a> from cipher_wrap.o(i.ccm_ctx_free) referenced 2 times from cipher_wrap.o(.constdata)
 <LI><a href="#[b9]">chacha20_ctx_alloc</a> from cipher_wrap.o(i.chacha20_ctx_alloc) referenced from cipher_wrap.o(.constdata)
 <LI><a href="#[ba]">chacha20_ctx_free</a> from cipher_wrap.o(i.chacha20_ctx_free) referenced from cipher_wrap.o(.constdata)
 <LI><a href="#[b8]">chacha20_setkey_wrap</a> from cipher_wrap.o(i.chacha20_setkey_wrap) referenced 2 times from cipher_wrap.o(.constdata)
 <LI><a href="#[b7]">chacha20_stream_wrap</a> from cipher_wrap.o(i.chacha20_stream_wrap) referenced from cipher_wrap.o(.constdata)
 <LI><a href="#[bc]">chachapoly_ctx_alloc</a> from cipher_wrap.o(i.chachapoly_ctx_alloc) referenced from cipher_wrap.o(.constdata)
 <LI><a href="#[bd]">chachapoly_ctx_free</a> from cipher_wrap.o(i.chachapoly_ctx_free) referenced from cipher_wrap.o(.constdata)
 <LI><a href="#[bb]">chachapoly_setkey_wrap</a> from cipher_wrap.o(i.chachapoly_setkey_wrap) referenced 2 times from cipher_wrap.o(.constdata)
 <LI><a href="#[a5]">des3_crypt_cbc_wrap</a> from cipher_wrap.o(i.des3_crypt_cbc_wrap) referenced 2 times from cipher_wrap.o(.constdata)
 <LI><a href="#[a4]">des3_crypt_ecb_wrap</a> from cipher_wrap.o(i.des3_crypt_ecb_wrap) referenced 2 times from cipher_wrap.o(.constdata)
 <LI><a href="#[a8]">des3_ctx_alloc</a> from cipher_wrap.o(i.des3_ctx_alloc) referenced 2 times from cipher_wrap.o(.constdata)
 <LI><a href="#[a9]">des3_ctx_free</a> from cipher_wrap.o(i.des3_ctx_free) referenced 2 times from cipher_wrap.o(.constdata)
 <LI><a href="#[a7]">des3_set2key_dec_wrap</a> from cipher_wrap.o(i.des3_set2key_dec_wrap) referenced from cipher_wrap.o(.constdata)
 <LI><a href="#[a6]">des3_set2key_enc_wrap</a> from cipher_wrap.o(i.des3_set2key_enc_wrap) referenced from cipher_wrap.o(.constdata)
 <LI><a href="#[ab]">des3_set3key_dec_wrap</a> from cipher_wrap.o(i.des3_set3key_dec_wrap) referenced from cipher_wrap.o(.constdata)
 <LI><a href="#[aa]">des3_set3key_enc_wrap</a> from cipher_wrap.o(i.des3_set3key_enc_wrap) referenced from cipher_wrap.o(.constdata)
 <LI><a href="#[9f]">des_crypt_cbc_wrap</a> from cipher_wrap.o(i.des_crypt_cbc_wrap) referenced from cipher_wrap.o(.constdata)
 <LI><a href="#[9e]">des_crypt_ecb_wrap</a> from cipher_wrap.o(i.des_crypt_ecb_wrap) referenced from cipher_wrap.o(.constdata)
 <LI><a href="#[a2]">des_ctx_alloc</a> from cipher_wrap.o(i.des_ctx_alloc) referenced from cipher_wrap.o(.constdata)
 <LI><a href="#[a3]">des_ctx_free</a> from cipher_wrap.o(i.des_ctx_free) referenced from cipher_wrap.o(.constdata)
 <LI><a href="#[a1]">des_setkey_dec_wrap</a> from cipher_wrap.o(i.des_setkey_dec_wrap) referenced from cipher_wrap.o(.constdata)
 <LI><a href="#[a0]">des_setkey_enc_wrap</a> from cipher_wrap.o(i.des_setkey_enc_wrap) referenced from cipher_wrap.o(.constdata)
 <LI><a href="#[6a]">fputc</a> from usart.o(i.fputc) referenced from _printf_char_file.o(.text)
 <LI><a href="#[8e]">gcm_aes_setkey_wrap</a> from cipher_wrap.o(i.gcm_aes_setkey_wrap) referenced 2 times from cipher_wrap.o(.constdata)
 <LI><a href="#[9c]">gcm_camellia_setkey_wrap</a> from cipher_wrap.o(i.gcm_camellia_setkey_wrap) referenced 2 times from cipher_wrap.o(.constdata)
 <LI><a href="#[8f]">gcm_ctx_alloc</a> from cipher_wrap.o(i.gcm_ctx_alloc) referenced 2 times from cipher_wrap.o(.constdata)
 <LI><a href="#[90]">gcm_ctx_free</a> from cipher_wrap.o(i.gcm_ctx_free) referenced 2 times from cipher_wrap.o(.constdata)
 <LI><a href="#[7b]">get_no_padding</a> from cipher.o(i.get_no_padding) referenced from cipher.o(i.mbedtls_cipher_set_padding_mode)
 <LI><a href="#[76]">get_one_and_zeros_padding</a> from cipher.o(i.get_one_and_zeros_padding) referenced from cipher.o(i.mbedtls_cipher_set_padding_mode)
 <LI><a href="#[74]">get_pkcs_padding</a> from cipher.o(i.get_pkcs_padding) referenced from cipher.o(i.mbedtls_cipher_set_padding_mode)
 <LI><a href="#[78]">get_zeros_and_len_padding</a> from cipher.o(i.get_zeros_and_len_padding) referenced from cipher.o(i.mbedtls_cipher_set_padding_mode)
 <LI><a href="#[7a]">get_zeros_padding</a> from cipher.o(i.get_zeros_padding) referenced from cipher.o(i.mbedtls_cipher_set_padding_mode)
 <LI><a href="#[7d]">led1_task</a> from task.o(i.led1_task) referenced from task.o(i.start_task)
 <LI><a href="#[7e]">led2_task</a> from task.o(i.led2_task) referenced from task.o(i.start_task)
 <LI><a href="#[7f]">led3_task</a> from task.o(i.led3_task) referenced from task.o(i.start_task)
 <LI><a href="#[a]">memset</a> from memset.o(.text) referenced 2 times from platform_util.o(.data)
 <LI><a href="#[72]">start_task</a> from task.o(i.start_task) referenced from main.o(i.main)
 <LI><a href="#[7c]">usart1_task</a> from task.o(i.usart1_task) referenced from task.o(i.start_task)
 <LI><a href="#[8c]">xts_aes_ctx_alloc</a> from cipher_wrap.o(i.xts_aes_ctx_alloc) referenced from cipher_wrap.o(.constdata)
 <LI><a href="#[8d]">xts_aes_ctx_free</a> from cipher_wrap.o(i.xts_aes_ctx_free) referenced from cipher_wrap.o(.constdata)
 <LI><a href="#[8b]">xts_aes_setkey_dec_wrap</a> from cipher_wrap.o(i.xts_aes_setkey_dec_wrap) referenced from cipher_wrap.o(.constdata)
 <LI><a href="#[8a]">xts_aes_setkey_enc_wrap</a> from cipher_wrap.o(i.xts_aes_setkey_enc_wrap) referenced from cipher_wrap.o(.constdata)
</UL>
<P>
<H3>
Global Symbols
</H3>
<P><STRONG><a name="[be]"></a>__main</STRONG> (Thumb, 8 bytes, Stack size 0 bytes, __main.o(!!!main))
<BR><BR>[Calls]<UL><LI><a href="#[c0]">&gt;&gt;</a>&nbsp;&nbsp;&nbsp;__rt_entry
<LI><a href="#[bf]">&gt;&gt;</a>&nbsp;&nbsp;&nbsp;__scatterload
</UL>

<P><STRONG><a name="[bf]"></a>__scatterload</STRONG> (Thumb, 0 bytes, Stack size unknown bytes, __scatter.o(!!!scatter))
<BR><BR>[Called By]<UL><LI><a href="#[be]">&gt;&gt;</a>&nbsp;&nbsp;&nbsp;__main
</UL>

<P><STRONG><a name="[c1]"></a>__scatterload_rt2</STRONG> (Thumb, 44 bytes, Stack size unknown bytes, __scatter.o(!!!scatter), UNUSED)
<BR><BR>[Calls]<UL><LI><a href="#[c0]">&gt;&gt;</a>&nbsp;&nbsp;&nbsp;__rt_entry
</UL>

<P><STRONG><a name="[1df]"></a>__scatterload_rt2_thumb_only</STRONG> (Thumb, 0 bytes, Stack size unknown bytes, __scatter.o(!!!scatter), UNUSED)

<P><STRONG><a name="[1e0]"></a>__scatterload_null</STRONG> (Thumb, 0 bytes, Stack size unknown bytes, __scatter.o(!!!scatter), UNUSED)

<P><STRONG><a name="[1e1]"></a>__decompress</STRONG> (Thumb, 90 bytes, Stack size unknown bytes, __dczerorl2.o(!!dczerorl2), UNUSED)

<P><STRONG><a name="[1e2]"></a>__decompress1</STRONG> (Thumb, 0 bytes, Stack size unknown bytes, __dczerorl2.o(!!dczerorl2), UNUSED)

<P><STRONG><a name="[1e3]"></a>__scatterload_zeroinit</STRONG> (Thumb, 28 bytes, Stack size unknown bytes, __scatter_zi.o(!!handler_zi), UNUSED)

<P><STRONG><a name="[c2]"></a>_printf_d</STRONG> (Thumb, 0 bytes, Stack size unknown bytes, _printf_d.o(.ARM.Collect$$_printf_percent$$00000009))
<BR><BR>[Stack]<UL><LI>Max Depth = 56 + Unknown Stack Size
<LI>Call Chain = _printf_d &rArr; _printf_int_dec &rArr; _printf_int_common
</UL>
<BR>[Calls]<UL><LI><a href="#[c3]">&gt;&gt;</a>&nbsp;&nbsp;&nbsp;_printf_int_dec
</UL>

<P><STRONG><a name="[e1]"></a>_printf_percent</STRONG> (Thumb, 0 bytes, Stack size unknown bytes, _printf_percent.o(.ARM.Collect$$_printf_percent$$00000000))
<BR><BR>[Called By]<UL><LI><a href="#[df]">&gt;&gt;</a>&nbsp;&nbsp;&nbsp;__printf
</UL>

<P><STRONG><a name="[c4]"></a>_printf_c</STRONG> (Thumb, 0 bytes, Stack size unknown bytes, _printf_c.o(.ARM.Collect$$_printf_percent$$00000013))
<BR><BR>[Stack]<UL><LI>Max Depth = 24 + Unknown Stack Size
<LI>Call Chain = _printf_c &rArr; _printf_char &rArr; _printf_cs_common &rArr; _printf_str
</UL>
<BR>[Calls]<UL><LI><a href="#[c5]">&gt;&gt;</a>&nbsp;&nbsp;&nbsp;_printf_char
</UL>

<P><STRONG><a name="[c6]"></a>_printf_s</STRONG> (Thumb, 0 bytes, Stack size unknown bytes, _printf_s.o(.ARM.Collect$$_printf_percent$$00000014))
<BR><BR>[Stack]<UL><LI>Max Depth = 24 + Unknown Stack Size
<LI>Call Chain = _printf_s &rArr; _printf_string &rArr; _printf_cs_common &rArr; _printf_str
</UL>
<BR>[Calls]<UL><LI><a href="#[c7]">&gt;&gt;</a>&nbsp;&nbsp;&nbsp;_printf_string
</UL>

<P><STRONG><a name="[1e4]"></a>_printf_percent_end</STRONG> (Thumb, 0 bytes, Stack size unknown bytes, _printf_percent_end.o(.ARM.Collect$$_printf_percent$$00000017))

<P><STRONG><a name="[cf]"></a>__rt_lib_init</STRONG> (Thumb, 0 bytes, Stack size unknown bytes, libinit.o(.ARM.Collect$$libinit$$00000000))
<BR><BR>[Called By]<UL><LI><a href="#[ce]">&gt;&gt;</a>&nbsp;&nbsp;&nbsp;__rt_entry_li
</UL>

<P><STRONG><a name="[c8]"></a>__rt_lib_init_fp_1</STRONG> (Thumb, 0 bytes, Stack size unknown bytes, libinit2.o(.ARM.Collect$$libinit$$00000001))
<BR><BR>[Calls]<UL><LI><a href="#[c9]">&gt;&gt;</a>&nbsp;&nbsp;&nbsp;_fp_init
</UL>

<P><STRONG><a name="[ca]"></a>__rt_lib_init_heap_2</STRONG> (Thumb, 0 bytes, Stack size unknown bytes, libinit2.o(.ARM.Collect$$libinit$$00000005))
<BR><BR>[Stack]<UL><LI>Max Depth = 72 + Unknown Stack Size
<LI>Call Chain = __rt_lib_init_heap_2 &rArr; _init_alloc &rArr; __rt_SIGRTMEM &rArr; __rt_SIGRTMEM_inner &rArr; __default_signal_display &rArr; _ttywrch
</UL>
<BR>[Calls]<UL><LI><a href="#[cb]">&gt;&gt;</a>&nbsp;&nbsp;&nbsp;_init_alloc
</UL>

<P><STRONG><a name="[1e5]"></a>__rt_lib_init_preinit_1</STRONG> (Thumb, 0 bytes, Stack size unknown bytes, libinit2.o(.ARM.Collect$$libinit$$00000004))

<P><STRONG><a name="[1e6]"></a>__rt_lib_init_alloca_1</STRONG> (Thumb, 0 bytes, Stack size unknown bytes, libinit2.o(.ARM.Collect$$libinit$$0000002E))

<P><STRONG><a name="[1e7]"></a>__rt_lib_init_argv_1</STRONG> (Thumb, 0 bytes, Stack size unknown bytes, libinit2.o(.ARM.Collect$$libinit$$0000002C))

<P><STRONG><a name="[1e8]"></a>__rt_lib_init_atexit_1</STRONG> (Thumb, 0 bytes, Stack size unknown bytes, libinit2.o(.ARM.Collect$$libinit$$0000001B))

<P><STRONG><a name="[1e9]"></a>__rt_lib_init_clock_1</STRONG> (Thumb, 0 bytes, Stack size unknown bytes, libinit2.o(.ARM.Collect$$libinit$$00000021))

<P><STRONG><a name="[1ea]"></a>__rt_lib_init_cpp_1</STRONG> (Thumb, 0 bytes, Stack size unknown bytes, libinit2.o(.ARM.Collect$$libinit$$00000032))

<P><STRONG><a name="[1eb]"></a>__rt_lib_init_exceptions_1</STRONG> (Thumb, 0 bytes, Stack size unknown bytes, libinit2.o(.ARM.Collect$$libinit$$00000030))

<P><STRONG><a name="[1ec]"></a>__rt_lib_init_fp_trap_1</STRONG> (Thumb, 0 bytes, Stack size unknown bytes, libinit2.o(.ARM.Collect$$libinit$$0000001F))

<P><STRONG><a name="[1ed]"></a>__rt_lib_init_getenv_1</STRONG> (Thumb, 0 bytes, Stack size unknown bytes, libinit2.o(.ARM.Collect$$libinit$$00000023))

<P><STRONG><a name="[1ee]"></a>__rt_lib_init_heap_1</STRONG> (Thumb, 0 bytes, Stack size unknown bytes, libinit2.o(.ARM.Collect$$libinit$$0000000A))

<P><STRONG><a name="[1ef]"></a>__rt_lib_init_lc_collate_1</STRONG> (Thumb, 0 bytes, Stack size unknown bytes, libinit2.o(.ARM.Collect$$libinit$$00000011))

<P><STRONG><a name="[1f0]"></a>__rt_lib_init_lc_ctype_1</STRONG> (Thumb, 0 bytes, Stack size unknown bytes, libinit2.o(.ARM.Collect$$libinit$$00000013))

<P><STRONG><a name="[1f1]"></a>__rt_lib_init_lc_monetary_1</STRONG> (Thumb, 0 bytes, Stack size unknown bytes, libinit2.o(.ARM.Collect$$libinit$$00000015))

<P><STRONG><a name="[1f2]"></a>__rt_lib_init_lc_numeric_1</STRONG> (Thumb, 0 bytes, Stack size unknown bytes, libinit2.o(.ARM.Collect$$libinit$$00000017))

<P><STRONG><a name="[1f3]"></a>__rt_lib_init_lc_time_1</STRONG> (Thumb, 0 bytes, Stack size unknown bytes, libinit2.o(.ARM.Collect$$libinit$$00000019))

<P><STRONG><a name="[1f4]"></a>__rt_lib_init_rand_1</STRONG> (Thumb, 0 bytes, Stack size unknown bytes, libinit2.o(.ARM.Collect$$libinit$$0000000E))

<P><STRONG><a name="[1f5]"></a>__rt_lib_init_return</STRONG> (Thumb, 0 bytes, Stack size unknown bytes, libinit2.o(.ARM.Collect$$libinit$$00000033))

<P><STRONG><a name="[1f6]"></a>__rt_lib_init_signal_1</STRONG> (Thumb, 0 bytes, Stack size unknown bytes, libinit2.o(.ARM.Collect$$libinit$$0000001D))

<P><STRONG><a name="[1f7]"></a>__rt_lib_init_stdio_1</STRONG> (Thumb, 0 bytes, Stack size unknown bytes, libinit2.o(.ARM.Collect$$libinit$$00000025))

<P><STRONG><a name="[1f8]"></a>__rt_lib_init_user_alloc_1</STRONG> (Thumb, 0 bytes, Stack size unknown bytes, libinit2.o(.ARM.Collect$$libinit$$0000000C))

<P><STRONG><a name="[d4]"></a>__rt_lib_shutdown</STRONG> (Thumb, 0 bytes, Stack size unknown bytes, libshutdown.o(.ARM.Collect$$libshutdown$$00000000))
<BR><BR>[Called By]<UL><LI><a href="#[d3]">&gt;&gt;</a>&nbsp;&nbsp;&nbsp;__rt_exit_ls
</UL>

<P><STRONG><a name="[1f9]"></a>__rt_lib_shutdown_cpp_1</STRONG> (Thumb, 0 bytes, Stack size unknown bytes, libshutdown2.o(.ARM.Collect$$libshutdown$$00000002))

<P><STRONG><a name="[1fa]"></a>__rt_lib_shutdown_fp_trap_1</STRONG> (Thumb, 0 bytes, Stack size unknown bytes, libshutdown2.o(.ARM.Collect$$libshutdown$$00000007))

<P><STRONG><a name="[1fb]"></a>__rt_lib_shutdown_heap_1</STRONG> (Thumb, 0 bytes, Stack size unknown bytes, libshutdown2.o(.ARM.Collect$$libshutdown$$0000000F))

<P><STRONG><a name="[1fc]"></a>__rt_lib_shutdown_return</STRONG> (Thumb, 0 bytes, Stack size unknown bytes, libshutdown2.o(.ARM.Collect$$libshutdown$$00000010))

<P><STRONG><a name="[1fd]"></a>__rt_lib_shutdown_signal_1</STRONG> (Thumb, 0 bytes, Stack size unknown bytes, libshutdown2.o(.ARM.Collect$$libshutdown$$0000000A))

<P><STRONG><a name="[1fe]"></a>__rt_lib_shutdown_stdio_1</STRONG> (Thumb, 0 bytes, Stack size unknown bytes, libshutdown2.o(.ARM.Collect$$libshutdown$$00000004))

<P><STRONG><a name="[1ff]"></a>__rt_lib_shutdown_user_alloc_1</STRONG> (Thumb, 0 bytes, Stack size unknown bytes, libshutdown2.o(.ARM.Collect$$libshutdown$$0000000C))

<P><STRONG><a name="[c0]"></a>__rt_entry</STRONG> (Thumb, 0 bytes, Stack size unknown bytes, __rtentry.o(.ARM.Collect$$rtentry$$00000000))
<BR><BR>[Called By]<UL><LI><a href="#[be]">&gt;&gt;</a>&nbsp;&nbsp;&nbsp;__main
<LI><a href="#[c1]">&gt;&gt;</a>&nbsp;&nbsp;&nbsp;__scatterload_rt2
</UL>

<P><STRONG><a name="[200]"></a>__rt_entry_presh_1</STRONG> (Thumb, 0 bytes, Stack size unknown bytes, __rtentry2.o(.ARM.Collect$$rtentry$$00000002))

<P><STRONG><a name="[cc]"></a>__rt_entry_sh</STRONG> (Thumb, 0 bytes, Stack size unknown bytes, __rtentry4.o(.ARM.Collect$$rtentry$$00000004))
<BR><BR>[Stack]<UL><LI>Max Depth = 8 + Unknown Stack Size
<LI>Call Chain = __rt_entry_sh &rArr; __user_setup_stackheap
</UL>
<BR>[Calls]<UL><LI><a href="#[cd]">&gt;&gt;</a>&nbsp;&nbsp;&nbsp;__user_setup_stackheap
</UL>

<P><STRONG><a name="[ce]"></a>__rt_entry_li</STRONG> (Thumb, 0 bytes, Stack size unknown bytes, __rtentry2.o(.ARM.Collect$$rtentry$$0000000A))
<BR><BR>[Calls]<UL><LI><a href="#[cf]">&gt;&gt;</a>&nbsp;&nbsp;&nbsp;__rt_lib_init
</UL>

<P><STRONG><a name="[201]"></a>__rt_entry_postsh_1</STRONG> (Thumb, 0 bytes, Stack size unknown bytes, __rtentry2.o(.ARM.Collect$$rtentry$$00000009))

<P><STRONG><a name="[d0]"></a>__rt_entry_main</STRONG> (Thumb, 0 bytes, Stack size unknown bytes, __rtentry2.o(.ARM.Collect$$rtentry$$0000000D))
<BR><BR>[Stack]<UL><LI>Max Depth = 632 + Unknown Stack Size
<LI>Call Chain = __rt_entry_main &rArr; main &rArr; SYSBSP_Init &rArr; mbedtls_cipher_update &rArr; mbedtls_chachapoly_update &rArr; chachapoly_pad_aad &rArr; mbedtls_poly1305_update &rArr; poly1305_process
</UL>
<BR>[Calls]<UL><LI><a href="#[d1]">&gt;&gt;</a>&nbsp;&nbsp;&nbsp;main
<LI><a href="#[d2]">&gt;&gt;</a>&nbsp;&nbsp;&nbsp;exit
</UL>

<P><STRONG><a name="[202]"></a>__rt_entry_postli_1</STRONG> (Thumb, 0 bytes, Stack size unknown bytes, __rtentry2.o(.ARM.Collect$$rtentry$$0000000C))

<P><STRONG><a name="[f4]"></a>__rt_exit</STRONG> (Thumb, 0 bytes, Stack size unknown bytes, rtexit.o(.ARM.Collect$$rtexit$$00000000))
<BR><BR>[Called By]<UL><LI><a href="#[d2]">&gt;&gt;</a>&nbsp;&nbsp;&nbsp;exit
</UL>

<P><STRONG><a name="[d3]"></a>__rt_exit_ls</STRONG> (Thumb, 0 bytes, Stack size unknown bytes, rtexit2.o(.ARM.Collect$$rtexit$$00000003))
<BR><BR>[Calls]<UL><LI><a href="#[d4]">&gt;&gt;</a>&nbsp;&nbsp;&nbsp;__rt_lib_shutdown
</UL>

<P><STRONG><a name="[203]"></a>__rt_exit_prels_1</STRONG> (Thumb, 0 bytes, Stack size unknown bytes, rtexit2.o(.ARM.Collect$$rtexit$$00000002))

<P><STRONG><a name="[d5]"></a>__rt_exit_exit</STRONG> (Thumb, 0 bytes, Stack size unknown bytes, rtexit2.o(.ARM.Collect$$rtexit$$00000004))
<BR><BR>[Calls]<UL><LI><a href="#[d6]">&gt;&gt;</a>&nbsp;&nbsp;&nbsp;_sys_exit
</UL>

<P><STRONG><a name="[b]"></a>Reset_Handler</STRONG> (Thumb, 8 bytes, Stack size 0 bytes, startup_stm32f40_41xxx.o(.text))
<BR>[Address Reference Count : 1]<UL><LI> startup_stm32f40_41xxx.o(RESET)
</UL>
<P><STRONG><a name="[204]"></a>_maybe_terminate_alloc</STRONG> (Thumb, 0 bytes, Stack size 0 bytes, maybetermalloc1.o(.emb_text), UNUSED)

<P><STRONG><a name="[27]"></a>ADC_IRQHandler</STRONG> (Thumb, 0 bytes, Stack size 0 bytes, startup_stm32f40_41xxx.o(.text))
<BR><BR>[Calls]<UL><LI><a href="#[27]">&gt;&gt;</a>&nbsp;&nbsp;&nbsp;ADC_IRQHandler
</UL>
<BR>[Called By]<UL><LI><a href="#[27]">&gt;&gt;</a>&nbsp;&nbsp;&nbsp;ADC_IRQHandler
</UL>
<BR>[Address Reference Count : 1]<UL><LI> startup_stm32f40_41xxx.o(RESET)
</UL>
<P><STRONG><a name="[29]"></a>CAN1_RX0_IRQHandler</STRONG> (Thumb, 0 bytes, Stack size 0 bytes, startup_stm32f40_41xxx.o(.text))
<BR>[Address Reference Count : 1]<UL><LI> startup_stm32f40_41xxx.o(RESET)
</UL>
<P><STRONG><a name="[2a]"></a>CAN1_RX1_IRQHandler</STRONG> (Thumb, 0 bytes, Stack size 0 bytes, startup_stm32f40_41xxx.o(.text))
<BR>[Address Reference Count : 1]<UL><LI> startup_stm32f40_41xxx.o(RESET)
</UL>
<P><STRONG><a name="[2b]"></a>CAN1_SCE_IRQHandler</STRONG> (Thumb, 0 bytes, Stack size 0 bytes, startup_stm32f40_41xxx.o(.text))
<BR>[Address Reference Count : 1]<UL><LI> startup_stm32f40_41xxx.o(RESET)
</UL>
<P><STRONG><a name="[28]"></a>CAN1_TX_IRQHandler</STRONG> (Thumb, 0 bytes, Stack size 0 bytes, startup_stm32f40_41xxx.o(.text))
<BR>[Address Reference Count : 1]<UL><LI> startup_stm32f40_41xxx.o(RESET)
</UL>
<P><STRONG><a name="[55]"></a>CAN2_RX0_IRQHandler</STRONG> (Thumb, 0 bytes, Stack size 0 bytes, startup_stm32f40_41xxx.o(.text))
<BR>[Address Reference Count : 1]<UL><LI> startup_stm32f40_41xxx.o(RESET)
</UL>
<P><STRONG><a name="[56]"></a>CAN2_RX1_IRQHandler</STRONG> (Thumb, 0 bytes, Stack size 0 bytes, startup_stm32f40_41xxx.o(.text))
<BR>[Address Reference Count : 1]<UL><LI> startup_stm32f40_41xxx.o(RESET)
</UL>
<P><STRONG><a name="[57]"></a>CAN2_SCE_IRQHandler</STRONG> (Thumb, 0 bytes, Stack size 0 bytes, startup_stm32f40_41xxx.o(.text))
<BR>[Address Reference Count : 1]<UL><LI> startup_stm32f40_41xxx.o(RESET)
</UL>
<P><STRONG><a name="[54]"></a>CAN2_TX_IRQHandler</STRONG> (Thumb, 0 bytes, Stack size 0 bytes, startup_stm32f40_41xxx.o(.text))
<BR>[Address Reference Count : 1]<UL><LI> startup_stm32f40_41xxx.o(RESET)
</UL>
<P><STRONG><a name="[64]"></a>CRYP_IRQHandler</STRONG> (Thumb, 0 bytes, Stack size 0 bytes, startup_stm32f40_41xxx.o(.text))
<BR>[Address Reference Count : 1]<UL><LI> startup_stm32f40_41xxx.o(RESET)
</UL>
<P><STRONG><a name="[63]"></a>DCMI_IRQHandler</STRONG> (Thumb, 0 bytes, Stack size 0 bytes, startup_stm32f40_41xxx.o(.text))
<BR>[Address Reference Count : 1]<UL><LI> startup_stm32f40_41xxx.o(RESET)
</UL>
<P><STRONG><a name="[20]"></a>DMA1_Stream0_IRQHandler</STRONG> (Thumb, 0 bytes, Stack size 0 bytes, startup_stm32f40_41xxx.o(.text))
<BR>[Address Reference Count : 1]<UL><LI> startup_stm32f40_41xxx.o(RESET)
</UL>
<P><STRONG><a name="[21]"></a>DMA1_Stream1_IRQHandler</STRONG> (Thumb, 0 bytes, Stack size 0 bytes, startup_stm32f40_41xxx.o(.text))
<BR>[Address Reference Count : 1]<UL><LI> startup_stm32f40_41xxx.o(RESET)
</UL>
<P><STRONG><a name="[22]"></a>DMA1_Stream2_IRQHandler</STRONG> (Thumb, 0 bytes, Stack size 0 bytes, startup_stm32f40_41xxx.o(.text))
<BR>[Address Reference Count : 1]<UL><LI> startup_stm32f40_41xxx.o(RESET)
</UL>
<P><STRONG><a name="[23]"></a>DMA1_Stream3_IRQHandler</STRONG> (Thumb, 0 bytes, Stack size 0 bytes, startup_stm32f40_41xxx.o(.text))
<BR>[Address Reference Count : 1]<UL><LI> startup_stm32f40_41xxx.o(RESET)
</UL>
<P><STRONG><a name="[24]"></a>DMA1_Stream4_IRQHandler</STRONG> (Thumb, 0 bytes, Stack size 0 bytes, startup_stm32f40_41xxx.o(.text))
<BR>[Address Reference Count : 1]<UL><LI> startup_stm32f40_41xxx.o(RESET)
</UL>
<P><STRONG><a name="[25]"></a>DMA1_Stream5_IRQHandler</STRONG> (Thumb, 0 bytes, Stack size 0 bytes, startup_stm32f40_41xxx.o(.text))
<BR>[Address Reference Count : 1]<UL><LI> startup_stm32f40_41xxx.o(RESET)
</UL>
<P><STRONG><a name="[26]"></a>DMA1_Stream6_IRQHandler</STRONG> (Thumb, 0 bytes, Stack size 0 bytes, startup_stm32f40_41xxx.o(.text))
<BR>[Address Reference Count : 1]<UL><LI> startup_stm32f40_41xxx.o(RESET)
</UL>
<P><STRONG><a name="[44]"></a>DMA1_Stream7_IRQHandler</STRONG> (Thumb, 0 bytes, Stack size 0 bytes, startup_stm32f40_41xxx.o(.text))
<BR>[Address Reference Count : 1]<UL><LI> startup_stm32f40_41xxx.o(RESET)
</UL>
<P><STRONG><a name="[4d]"></a>DMA2_Stream0_IRQHandler</STRONG> (Thumb, 0 bytes, Stack size 0 bytes, startup_stm32f40_41xxx.o(.text))
<BR>[Address Reference Count : 1]<UL><LI> startup_stm32f40_41xxx.o(RESET)
</UL>
<P><STRONG><a name="[4e]"></a>DMA2_Stream1_IRQHandler</STRONG> (Thumb, 0 bytes, Stack size 0 bytes, startup_stm32f40_41xxx.o(.text))
<BR>[Address Reference Count : 1]<UL><LI> startup_stm32f40_41xxx.o(RESET)
</UL>
<P><STRONG><a name="[4f]"></a>DMA2_Stream2_IRQHandler</STRONG> (Thumb, 0 bytes, Stack size 0 bytes, startup_stm32f40_41xxx.o(.text))
<BR>[Address Reference Count : 1]<UL><LI> startup_stm32f40_41xxx.o(RESET)
</UL>
<P><STRONG><a name="[50]"></a>DMA2_Stream3_IRQHandler</STRONG> (Thumb, 0 bytes, Stack size 0 bytes, startup_stm32f40_41xxx.o(.text))
<BR>[Address Reference Count : 1]<UL><LI> startup_stm32f40_41xxx.o(RESET)
</UL>
<P><STRONG><a name="[51]"></a>DMA2_Stream4_IRQHandler</STRONG> (Thumb, 0 bytes, Stack size 0 bytes, startup_stm32f40_41xxx.o(.text))
<BR>[Address Reference Count : 1]<UL><LI> startup_stm32f40_41xxx.o(RESET)
</UL>
<P><STRONG><a name="[59]"></a>DMA2_Stream5_IRQHandler</STRONG> (Thumb, 0 bytes, Stack size 0 bytes, startup_stm32f40_41xxx.o(.text))
<BR>[Address Reference Count : 1]<UL><LI> startup_stm32f40_41xxx.o(RESET)
</UL>
<P><STRONG><a name="[5a]"></a>DMA2_Stream6_IRQHandler</STRONG> (Thumb, 0 bytes, Stack size 0 bytes, startup_stm32f40_41xxx.o(.text))
<BR>[Address Reference Count : 1]<UL><LI> startup_stm32f40_41xxx.o(RESET)
</UL>
<P><STRONG><a name="[5b]"></a>DMA2_Stream7_IRQHandler</STRONG> (Thumb, 0 bytes, Stack size 0 bytes, startup_stm32f40_41xxx.o(.text))
<BR>[Address Reference Count : 1]<UL><LI> startup_stm32f40_41xxx.o(RESET)
</UL>
<P><STRONG><a name="[52]"></a>ETH_IRQHandler</STRONG> (Thumb, 0 bytes, Stack size 0 bytes, startup_stm32f40_41xxx.o(.text))
<BR>[Address Reference Count : 1]<UL><LI> startup_stm32f40_41xxx.o(RESET)
</UL>
<P><STRONG><a name="[53]"></a>ETH_WKUP_IRQHandler</STRONG> (Thumb, 0 bytes, Stack size 0 bytes, startup_stm32f40_41xxx.o(.text))
<BR>[Address Reference Count : 1]<UL><LI> startup_stm32f40_41xxx.o(RESET)
</UL>
<P><STRONG><a name="[1b]"></a>EXTI0_IRQHandler</STRONG> (Thumb, 0 bytes, Stack size 0 bytes, startup_stm32f40_41xxx.o(.text))
<BR>[Address Reference Count : 1]<UL><LI> startup_stm32f40_41xxx.o(RESET)
</UL>
<P><STRONG><a name="[3d]"></a>EXTI15_10_IRQHandler</STRONG> (Thumb, 0 bytes, Stack size 0 bytes, startup_stm32f40_41xxx.o(.text))
<BR>[Address Reference Count : 1]<UL><LI> startup_stm32f40_41xxx.o(RESET)
</UL>
<P><STRONG><a name="[1c]"></a>EXTI1_IRQHandler</STRONG> (Thumb, 0 bytes, Stack size 0 bytes, startup_stm32f40_41xxx.o(.text))
<BR>[Address Reference Count : 1]<UL><LI> startup_stm32f40_41xxx.o(RESET)
</UL>
<P><STRONG><a name="[1d]"></a>EXTI2_IRQHandler</STRONG> (Thumb, 0 bytes, Stack size 0 bytes, startup_stm32f40_41xxx.o(.text))
<BR>[Address Reference Count : 1]<UL><LI> startup_stm32f40_41xxx.o(RESET)
</UL>
<P><STRONG><a name="[1e]"></a>EXTI3_IRQHandler</STRONG> (Thumb, 0 bytes, Stack size 0 bytes, startup_stm32f40_41xxx.o(.text))
<BR>[Address Reference Count : 1]<UL><LI> startup_stm32f40_41xxx.o(RESET)
</UL>
<P><STRONG><a name="[1f]"></a>EXTI4_IRQHandler</STRONG> (Thumb, 0 bytes, Stack size 0 bytes, startup_stm32f40_41xxx.o(.text))
<BR>[Address Reference Count : 1]<UL><LI> startup_stm32f40_41xxx.o(RESET)
</UL>
<P><STRONG><a name="[19]"></a>FLASH_IRQHandler</STRONG> (Thumb, 0 bytes, Stack size 0 bytes, startup_stm32f40_41xxx.o(.text))
<BR>[Address Reference Count : 1]<UL><LI> startup_stm32f40_41xxx.o(RESET)
</UL>
<P><STRONG><a name="[66]"></a>FPU_IRQHandler</STRONG> (Thumb, 0 bytes, Stack size 0 bytes, startup_stm32f40_41xxx.o(.text))
<BR>[Address Reference Count : 1]<UL><LI> startup_stm32f40_41xxx.o(RESET)
</UL>
<P><STRONG><a name="[45]"></a>FSMC_IRQHandler</STRONG> (Thumb, 0 bytes, Stack size 0 bytes, startup_stm32f40_41xxx.o(.text))
<BR>[Address Reference Count : 1]<UL><LI> startup_stm32f40_41xxx.o(RESET)
</UL>
<P><STRONG><a name="[65]"></a>HASH_RNG_IRQHandler</STRONG> (Thumb, 0 bytes, Stack size 0 bytes, startup_stm32f40_41xxx.o(.text))
<BR>[Address Reference Count : 1]<UL><LI> startup_stm32f40_41xxx.o(RESET)
</UL>
<P><STRONG><a name="[35]"></a>I2C1_ER_IRQHandler</STRONG> (Thumb, 0 bytes, Stack size 0 bytes, startup_stm32f40_41xxx.o(.text))
<BR>[Address Reference Count : 1]<UL><LI> startup_stm32f40_41xxx.o(RESET)
</UL>
<P><STRONG><a name="[34]"></a>I2C1_EV_IRQHandler</STRONG> (Thumb, 0 bytes, Stack size 0 bytes, startup_stm32f40_41xxx.o(.text))
<BR>[Address Reference Count : 1]<UL><LI> startup_stm32f40_41xxx.o(RESET)
</UL>
<P><STRONG><a name="[37]"></a>I2C2_ER_IRQHandler</STRONG> (Thumb, 0 bytes, Stack size 0 bytes, startup_stm32f40_41xxx.o(.text))
<BR>[Address Reference Count : 1]<UL><LI> startup_stm32f40_41xxx.o(RESET)
</UL>
<P><STRONG><a name="[36]"></a>I2C2_EV_IRQHandler</STRONG> (Thumb, 0 bytes, Stack size 0 bytes, startup_stm32f40_41xxx.o(.text))
<BR>[Address Reference Count : 1]<UL><LI> startup_stm32f40_41xxx.o(RESET)
</UL>
<P><STRONG><a name="[5e]"></a>I2C3_ER_IRQHandler</STRONG> (Thumb, 0 bytes, Stack size 0 bytes, startup_stm32f40_41xxx.o(.text))
<BR>[Address Reference Count : 1]<UL><LI> startup_stm32f40_41xxx.o(RESET)
</UL>
<P><STRONG><a name="[5d]"></a>I2C3_EV_IRQHandler</STRONG> (Thumb, 0 bytes, Stack size 0 bytes, startup_stm32f40_41xxx.o(.text))
<BR>[Address Reference Count : 1]<UL><LI> startup_stm32f40_41xxx.o(RESET)
</UL>
<P><STRONG><a name="[58]"></a>OTG_FS_IRQHandler</STRONG> (Thumb, 0 bytes, Stack size 0 bytes, startup_stm32f40_41xxx.o(.text))
<BR>[Address Reference Count : 1]<UL><LI> startup_stm32f40_41xxx.o(RESET)
</UL>
<P><STRONG><a name="[3f]"></a>OTG_FS_WKUP_IRQHandler</STRONG> (Thumb, 0 bytes, Stack size 0 bytes, startup_stm32f40_41xxx.o(.text))
<BR>[Address Reference Count : 1]<UL><LI> startup_stm32f40_41xxx.o(RESET)
</UL>
<P><STRONG><a name="[60]"></a>OTG_HS_EP1_IN_IRQHandler</STRONG> (Thumb, 0 bytes, Stack size 0 bytes, startup_stm32f40_41xxx.o(.text))
<BR>[Address Reference Count : 1]<UL><LI> startup_stm32f40_41xxx.o(RESET)
</UL>
<P><STRONG><a name="[5f]"></a>OTG_HS_EP1_OUT_IRQHandler</STRONG> (Thumb, 0 bytes, Stack size 0 bytes, startup_stm32f40_41xxx.o(.text))
<BR>[Address Reference Count : 1]<UL><LI> startup_stm32f40_41xxx.o(RESET)
</UL>
<P><STRONG><a name="[62]"></a>OTG_HS_IRQHandler</STRONG> (Thumb, 0 bytes, Stack size 0 bytes, startup_stm32f40_41xxx.o(.text))
<BR>[Address Reference Count : 1]<UL><LI> startup_stm32f40_41xxx.o(RESET)
</UL>
<P><STRONG><a name="[61]"></a>OTG_HS_WKUP_IRQHandler</STRONG> (Thumb, 0 bytes, Stack size 0 bytes, startup_stm32f40_41xxx.o(.text))
<BR>[Address Reference Count : 1]<UL><LI> startup_stm32f40_41xxx.o(RESET)
</UL>
<P><STRONG><a name="[16]"></a>PVD_IRQHandler</STRONG> (Thumb, 0 bytes, Stack size 0 bytes, startup_stm32f40_41xxx.o(.text))
<BR>[Address Reference Count : 1]<UL><LI> startup_stm32f40_41xxx.o(RESET)
</UL>
<P><STRONG><a name="[1a]"></a>RCC_IRQHandler</STRONG> (Thumb, 0 bytes, Stack size 0 bytes, startup_stm32f40_41xxx.o(.text))
<BR>[Address Reference Count : 1]<UL><LI> startup_stm32f40_41xxx.o(RESET)
</UL>
<P><STRONG><a name="[3e]"></a>RTC_Alarm_IRQHandler</STRONG> (Thumb, 0 bytes, Stack size 0 bytes, startup_stm32f40_41xxx.o(.text))
<BR>[Address Reference Count : 1]<UL><LI> startup_stm32f40_41xxx.o(RESET)
</UL>
<P><STRONG><a name="[18]"></a>RTC_WKUP_IRQHandler</STRONG> (Thumb, 0 bytes, Stack size 0 bytes, startup_stm32f40_41xxx.o(.text))
<BR>[Address Reference Count : 1]<UL><LI> startup_stm32f40_41xxx.o(RESET)
</UL>
<P><STRONG><a name="[46]"></a>SDIO_IRQHandler</STRONG> (Thumb, 0 bytes, Stack size 0 bytes, startup_stm32f40_41xxx.o(.text))
<BR>[Address Reference Count : 1]<UL><LI> startup_stm32f40_41xxx.o(RESET)
</UL>
<P><STRONG><a name="[38]"></a>SPI1_IRQHandler</STRONG> (Thumb, 0 bytes, Stack size 0 bytes, startup_stm32f40_41xxx.o(.text))
<BR>[Address Reference Count : 1]<UL><LI> startup_stm32f40_41xxx.o(RESET)
</UL>
<P><STRONG><a name="[39]"></a>SPI2_IRQHandler</STRONG> (Thumb, 0 bytes, Stack size 0 bytes, startup_stm32f40_41xxx.o(.text))
<BR>[Address Reference Count : 1]<UL><LI> startup_stm32f40_41xxx.o(RESET)
</UL>
<P><STRONG><a name="[48]"></a>SPI3_IRQHandler</STRONG> (Thumb, 0 bytes, Stack size 0 bytes, startup_stm32f40_41xxx.o(.text))
<BR>[Address Reference Count : 1]<UL><LI> startup_stm32f40_41xxx.o(RESET)
</UL>
<P><STRONG><a name="[17]"></a>TAMP_STAMP_IRQHandler</STRONG> (Thumb, 0 bytes, Stack size 0 bytes, startup_stm32f40_41xxx.o(.text))
<BR>[Address Reference Count : 1]<UL><LI> startup_stm32f40_41xxx.o(RESET)
</UL>
<P><STRONG><a name="[2d]"></a>TIM1_BRK_TIM9_IRQHandler</STRONG> (Thumb, 0 bytes, Stack size 0 bytes, startup_stm32f40_41xxx.o(.text))
<BR>[Address Reference Count : 1]<UL><LI> startup_stm32f40_41xxx.o(RESET)
</UL>
<P><STRONG><a name="[30]"></a>TIM1_CC_IRQHandler</STRONG> (Thumb, 0 bytes, Stack size 0 bytes, startup_stm32f40_41xxx.o(.text))
<BR>[Address Reference Count : 1]<UL><LI> startup_stm32f40_41xxx.o(RESET)
</UL>
<P><STRONG><a name="[2f]"></a>TIM1_TRG_COM_TIM11_IRQHandler</STRONG> (Thumb, 0 bytes, Stack size 0 bytes, startup_stm32f40_41xxx.o(.text))
<BR>[Address Reference Count : 1]<UL><LI> startup_stm32f40_41xxx.o(RESET)
</UL>
<P><STRONG><a name="[2e]"></a>TIM1_UP_TIM10_IRQHandler</STRONG> (Thumb, 0 bytes, Stack size 0 bytes, startup_stm32f40_41xxx.o(.text))
<BR>[Address Reference Count : 1]<UL><LI> startup_stm32f40_41xxx.o(RESET)
</UL>
<P><STRONG><a name="[31]"></a>TIM2_IRQHandler</STRONG> (Thumb, 0 bytes, Stack size 0 bytes, startup_stm32f40_41xxx.o(.text))
<BR>[Address Reference Count : 1]<UL><LI> startup_stm32f40_41xxx.o(RESET)
</UL>
<P><STRONG><a name="[32]"></a>TIM3_IRQHandler</STRONG> (Thumb, 0 bytes, Stack size 0 bytes, startup_stm32f40_41xxx.o(.text))
<BR>[Address Reference Count : 1]<UL><LI> startup_stm32f40_41xxx.o(RESET)
</UL>
<P><STRONG><a name="[33]"></a>TIM4_IRQHandler</STRONG> (Thumb, 0 bytes, Stack size 0 bytes, startup_stm32f40_41xxx.o(.text))
<BR>[Address Reference Count : 1]<UL><LI> startup_stm32f40_41xxx.o(RESET)
</UL>
<P><STRONG><a name="[47]"></a>TIM5_IRQHandler</STRONG> (Thumb, 0 bytes, Stack size 0 bytes, startup_stm32f40_41xxx.o(.text))
<BR>[Address Reference Count : 1]<UL><LI> startup_stm32f40_41xxx.o(RESET)
</UL>
<P><STRONG><a name="[4b]"></a>TIM6_DAC_IRQHandler</STRONG> (Thumb, 0 bytes, Stack size 0 bytes, startup_stm32f40_41xxx.o(.text))
<BR>[Address Reference Count : 1]<UL><LI> startup_stm32f40_41xxx.o(RESET)
</UL>
<P><STRONG><a name="[4c]"></a>TIM7_IRQHandler</STRONG> (Thumb, 0 bytes, Stack size 0 bytes, startup_stm32f40_41xxx.o(.text))
<BR>[Address Reference Count : 1]<UL><LI> startup_stm32f40_41xxx.o(RESET)
</UL>
<P><STRONG><a name="[40]"></a>TIM8_BRK_TIM12_IRQHandler</STRONG> (Thumb, 0 bytes, Stack size 0 bytes, startup_stm32f40_41xxx.o(.text))
<BR>[Address Reference Count : 1]<UL><LI> startup_stm32f40_41xxx.o(RESET)
</UL>
<P><STRONG><a name="[43]"></a>TIM8_CC_IRQHandler</STRONG> (Thumb, 0 bytes, Stack size 0 bytes, startup_stm32f40_41xxx.o(.text))
<BR>[Address Reference Count : 1]<UL><LI> startup_stm32f40_41xxx.o(RESET)
</UL>
<P><STRONG><a name="[42]"></a>TIM8_TRG_COM_TIM14_IRQHandler</STRONG> (Thumb, 0 bytes, Stack size 0 bytes, startup_stm32f40_41xxx.o(.text))
<BR>[Address Reference Count : 1]<UL><LI> startup_stm32f40_41xxx.o(RESET)
</UL>
<P><STRONG><a name="[41]"></a>TIM8_UP_TIM13_IRQHandler</STRONG> (Thumb, 0 bytes, Stack size 0 bytes, startup_stm32f40_41xxx.o(.text))
<BR>[Address Reference Count : 1]<UL><LI> startup_stm32f40_41xxx.o(RESET)
</UL>
<P><STRONG><a name="[49]"></a>UART4_IRQHandler</STRONG> (Thumb, 0 bytes, Stack size 0 bytes, startup_stm32f40_41xxx.o(.text))
<BR>[Address Reference Count : 1]<UL><LI> startup_stm32f40_41xxx.o(RESET)
</UL>
<P><STRONG><a name="[4a]"></a>UART5_IRQHandler</STRONG> (Thumb, 0 bytes, Stack size 0 bytes, startup_stm32f40_41xxx.o(.text))
<BR>[Address Reference Count : 1]<UL><LI> startup_stm32f40_41xxx.o(RESET)
</UL>
<P><STRONG><a name="[3a]"></a>USART1_IRQHandler</STRONG> (Thumb, 0 bytes, Stack size 0 bytes, startup_stm32f40_41xxx.o(.text))
<BR>[Address Reference Count : 1]<UL><LI> startup_stm32f40_41xxx.o(RESET)
</UL>
<P><STRONG><a name="[3b]"></a>USART2_IRQHandler</STRONG> (Thumb, 0 bytes, Stack size 0 bytes, startup_stm32f40_41xxx.o(.text))
<BR>[Address Reference Count : 1]<UL><LI> startup_stm32f40_41xxx.o(RESET)
</UL>
<P><STRONG><a name="[3c]"></a>USART3_IRQHandler</STRONG> (Thumb, 0 bytes, Stack size 0 bytes, startup_stm32f40_41xxx.o(.text))
<BR>[Address Reference Count : 1]<UL><LI> startup_stm32f40_41xxx.o(RESET)
</UL>
<P><STRONG><a name="[5c]"></a>USART6_IRQHandler</STRONG> (Thumb, 0 bytes, Stack size 0 bytes, startup_stm32f40_41xxx.o(.text))
<BR>[Address Reference Count : 1]<UL><LI> startup_stm32f40_41xxx.o(RESET)
</UL>
<P><STRONG><a name="[15]"></a>WWDG_IRQHandler</STRONG> (Thumb, 0 bytes, Stack size 0 bytes, startup_stm32f40_41xxx.o(.text))
<BR>[Address Reference Count : 1]<UL><LI> startup_stm32f40_41xxx.o(RESET)
</UL>
<P><STRONG><a name="[f3]"></a>__user_initial_stackheap</STRONG> (Thumb, 0 bytes, Stack size unknown bytes, startup_stm32f40_41xxx.o(.text))
<BR><BR>[Called By]<UL><LI><a href="#[cd]">&gt;&gt;</a>&nbsp;&nbsp;&nbsp;__user_setup_stackheap
</UL>

<P><STRONG><a name="[1c7]"></a>CPU_IntDis</STRONG> (Thumb, 0 bytes, Stack size unknown bytes, cpu_a.o(.text))
<BR><BR>[Called By]<UL><LI><a href="#[d1]">&gt;&gt;</a>&nbsp;&nbsp;&nbsp;main
</UL>

<P><STRONG><a name="[205]"></a>CPU_IntEn</STRONG> (Thumb, 0 bytes, Stack size unknown bytes, cpu_a.o(.text), UNUSED)

<P><STRONG><a name="[fd]"></a>CPU_SR_Save</STRONG> (Thumb, 0 bytes, Stack size unknown bytes, cpu_a.o(.text))
<BR><BR>[Called By]<UL><LI><a href="#[109]">&gt;&gt;</a>&nbsp;&nbsp;&nbsp;OSTimeDly
<LI><a href="#[140]">&gt;&gt;</a>&nbsp;&nbsp;&nbsp;OS_Sched0
<LI><a href="#[14c]">&gt;&gt;</a>&nbsp;&nbsp;&nbsp;OSTaskStkChk
<LI><a href="#[141]">&gt;&gt;</a>&nbsp;&nbsp;&nbsp;OSTaskDel
<LI><a href="#[135]">&gt;&gt;</a>&nbsp;&nbsp;&nbsp;OSStatTaskCPUUsageInit
<LI><a href="#[12d]">&gt;&gt;</a>&nbsp;&nbsp;&nbsp;OSSchedRoundRobinCfg
<LI><a href="#[103]">&gt;&gt;</a>&nbsp;&nbsp;&nbsp;CPU_IntDisMeasMaxCurReset
<LI><a href="#[72]">&gt;&gt;</a>&nbsp;&nbsp;&nbsp;start_task
<LI><a href="#[138]">&gt;&gt;</a>&nbsp;&nbsp;&nbsp;OSTaskCreate
<LI><a href="#[fc]">&gt;&gt;</a>&nbsp;&nbsp;&nbsp;CPU_NameClr
<LI><a href="#[104]">&gt;&gt;</a>&nbsp;&nbsp;&nbsp;CPU_IntDisMeasMaxGet
<LI><a href="#[101]">&gt;&gt;</a>&nbsp;&nbsp;&nbsp;CPU_IntDisMeasMaxCurGet
<LI><a href="#[fb]">&gt;&gt;</a>&nbsp;&nbsp;&nbsp;CPU_IntDisMeasInit
<LI><a href="#[115]">&gt;&gt;</a>&nbsp;&nbsp;&nbsp;Math_RandSetSeed
<LI><a href="#[10e]">&gt;&gt;</a>&nbsp;&nbsp;&nbsp;OSIntExit
<LI><a href="#[14]">&gt;&gt;</a>&nbsp;&nbsp;&nbsp;SysTick_Handler
<LI><a href="#[14d]">&gt;&gt;</a>&nbsp;&nbsp;&nbsp;OS_TaskSuspend
<LI><a href="#[15a]">&gt;&gt;</a>&nbsp;&nbsp;&nbsp;OS_TaskSemPost
<LI><a href="#[149]">&gt;&gt;</a>&nbsp;&nbsp;&nbsp;OS_TaskResume
<LI><a href="#[156]">&gt;&gt;</a>&nbsp;&nbsp;&nbsp;OS_TaskQPost
<LI><a href="#[158]">&gt;&gt;</a>&nbsp;&nbsp;&nbsp;OS_SemPost
<LI><a href="#[157]">&gt;&gt;</a>&nbsp;&nbsp;&nbsp;OS_QPost
<LI><a href="#[6e]">&gt;&gt;</a>&nbsp;&nbsp;&nbsp;OS_IntQTask
<LI><a href="#[148]">&gt;&gt;</a>&nbsp;&nbsp;&nbsp;OS_IntQPost
<LI><a href="#[151]">&gt;&gt;</a>&nbsp;&nbsp;&nbsp;OS_FlagPost
<LI><a href="#[159]">&gt;&gt;</a>&nbsp;&nbsp;&nbsp;OS_SchedRoundRobin
<LI><a href="#[6d]">&gt;&gt;</a>&nbsp;&nbsp;&nbsp;OS_IdleTask
<LI><a href="#[12e]">&gt;&gt;</a>&nbsp;&nbsp;&nbsp;OSSchedUnlock
<LI><a href="#[12b]">&gt;&gt;</a>&nbsp;&nbsp;&nbsp;OSSchedLock
<LI><a href="#[12a]">&gt;&gt;</a>&nbsp;&nbsp;&nbsp;OSSched
<LI><a href="#[16b]">&gt;&gt;</a>&nbsp;&nbsp;&nbsp;OS_TickListUpdate
<LI><a href="#[14a]">&gt;&gt;</a>&nbsp;&nbsp;&nbsp;OSTaskSemPend
<LI><a href="#[137]">&gt;&gt;</a>&nbsp;&nbsp;&nbsp;OSTaskResume
<LI><a href="#[6f]">&gt;&gt;</a>&nbsp;&nbsp;&nbsp;OS_StatTask
<LI><a href="#[132]">&gt;&gt;</a>&nbsp;&nbsp;&nbsp;OSStatReset
</UL>

<P><STRONG><a name="[100]"></a>CPU_SR_Restore</STRONG> (Thumb, 0 bytes, Stack size unknown bytes, cpu_a.o(.text))
<BR><BR>[Called By]<UL><LI><a href="#[109]">&gt;&gt;</a>&nbsp;&nbsp;&nbsp;OSTimeDly
<LI><a href="#[140]">&gt;&gt;</a>&nbsp;&nbsp;&nbsp;OS_Sched0
<LI><a href="#[14c]">&gt;&gt;</a>&nbsp;&nbsp;&nbsp;OSTaskStkChk
<LI><a href="#[141]">&gt;&gt;</a>&nbsp;&nbsp;&nbsp;OSTaskDel
<LI><a href="#[135]">&gt;&gt;</a>&nbsp;&nbsp;&nbsp;OSStatTaskCPUUsageInit
<LI><a href="#[12d]">&gt;&gt;</a>&nbsp;&nbsp;&nbsp;OSSchedRoundRobinCfg
<LI><a href="#[103]">&gt;&gt;</a>&nbsp;&nbsp;&nbsp;CPU_IntDisMeasMaxCurReset
<LI><a href="#[72]">&gt;&gt;</a>&nbsp;&nbsp;&nbsp;start_task
<LI><a href="#[138]">&gt;&gt;</a>&nbsp;&nbsp;&nbsp;OSTaskCreate
<LI><a href="#[fc]">&gt;&gt;</a>&nbsp;&nbsp;&nbsp;CPU_NameClr
<LI><a href="#[104]">&gt;&gt;</a>&nbsp;&nbsp;&nbsp;CPU_IntDisMeasMaxGet
<LI><a href="#[101]">&gt;&gt;</a>&nbsp;&nbsp;&nbsp;CPU_IntDisMeasMaxCurGet
<LI><a href="#[fb]">&gt;&gt;</a>&nbsp;&nbsp;&nbsp;CPU_IntDisMeasInit
<LI><a href="#[115]">&gt;&gt;</a>&nbsp;&nbsp;&nbsp;Math_RandSetSeed
<LI><a href="#[10e]">&gt;&gt;</a>&nbsp;&nbsp;&nbsp;OSIntExit
<LI><a href="#[14]">&gt;&gt;</a>&nbsp;&nbsp;&nbsp;SysTick_Handler
<LI><a href="#[14d]">&gt;&gt;</a>&nbsp;&nbsp;&nbsp;OS_TaskSuspend
<LI><a href="#[15a]">&gt;&gt;</a>&nbsp;&nbsp;&nbsp;OS_TaskSemPost
<LI><a href="#[149]">&gt;&gt;</a>&nbsp;&nbsp;&nbsp;OS_TaskResume
<LI><a href="#[156]">&gt;&gt;</a>&nbsp;&nbsp;&nbsp;OS_TaskQPost
<LI><a href="#[158]">&gt;&gt;</a>&nbsp;&nbsp;&nbsp;OS_SemPost
<LI><a href="#[157]">&gt;&gt;</a>&nbsp;&nbsp;&nbsp;OS_QPost
<LI><a href="#[6e]">&gt;&gt;</a>&nbsp;&nbsp;&nbsp;OS_IntQTask
<LI><a href="#[148]">&gt;&gt;</a>&nbsp;&nbsp;&nbsp;OS_IntQPost
<LI><a href="#[151]">&gt;&gt;</a>&nbsp;&nbsp;&nbsp;OS_FlagPost
<LI><a href="#[159]">&gt;&gt;</a>&nbsp;&nbsp;&nbsp;OS_SchedRoundRobin
<LI><a href="#[6d]">&gt;&gt;</a>&nbsp;&nbsp;&nbsp;OS_IdleTask
<LI><a href="#[12e]">&gt;&gt;</a>&nbsp;&nbsp;&nbsp;OSSchedUnlock
<LI><a href="#[12b]">&gt;&gt;</a>&nbsp;&nbsp;&nbsp;OSSchedLock
<LI><a href="#[12a]">&gt;&gt;</a>&nbsp;&nbsp;&nbsp;OSSched
<LI><a href="#[16b]">&gt;&gt;</a>&nbsp;&nbsp;&nbsp;OS_TickListUpdate
<LI><a href="#[14a]">&gt;&gt;</a>&nbsp;&nbsp;&nbsp;OSTaskSemPend
<LI><a href="#[137]">&gt;&gt;</a>&nbsp;&nbsp;&nbsp;OSTaskResume
<LI><a href="#[6f]">&gt;&gt;</a>&nbsp;&nbsp;&nbsp;OS_StatTask
<LI><a href="#[132]">&gt;&gt;</a>&nbsp;&nbsp;&nbsp;OSStatReset
</UL>

<P><STRONG><a name="[206]"></a>CPU_WaitForInt</STRONG> (Thumb, 0 bytes, Stack size unknown bytes, cpu_a.o(.text), UNUSED)

<P><STRONG><a name="[207]"></a>CPU_WaitForExcept</STRONG> (Thumb, 0 bytes, Stack size unknown bytes, cpu_a.o(.text), UNUSED)

<P><STRONG><a name="[164]"></a>CPU_CntLeadZeros</STRONG> (Thumb, 0 bytes, Stack size unknown bytes, cpu_a.o(.text))
<BR><BR>[Called By]<UL><LI><a href="#[129]">&gt;&gt;</a>&nbsp;&nbsp;&nbsp;OS_PrioGetHighest
</UL>

<P><STRONG><a name="[208]"></a>CPU_CntTrailZeros</STRONG> (Thumb, 0 bytes, Stack size unknown bytes, cpu_a.o(.text), UNUSED)

<P><STRONG><a name="[209]"></a>CPU_RevBits</STRONG> (Thumb, 0 bytes, Stack size unknown bytes, cpu_a.o(.text), UNUSED)

<P><STRONG><a name="[20a]"></a>__use_no_semihosting</STRONG> (Thumb, 2 bytes, Stack size 0 bytes, use_no_semi_2.o(.text), UNUSED)

<P><STRONG><a name="[d7]"></a>calloc</STRONG> (Thumb, 40 bytes, Stack size 16 bytes, calloc.o(.text))
<BR><BR>[Stack]<UL><LI>Max Depth = 64<LI>Call Chain = calloc &rArr; malloc &rArr; __Heap_Full &rArr; __Heap_ProvideMemory &rArr; free
</UL>
<BR>[Calls]<UL><LI><a href="#[d9]">&gt;&gt;</a>&nbsp;&nbsp;&nbsp;__aeabi_memclr
<LI><a href="#[d8]">&gt;&gt;</a>&nbsp;&nbsp;&nbsp;malloc
</UL>
<BR>[Called By]<UL><LI><a href="#[8c]">&gt;&gt;</a>&nbsp;&nbsp;&nbsp;xts_aes_ctx_alloc
<LI><a href="#[8f]">&gt;&gt;</a>&nbsp;&nbsp;&nbsp;gcm_ctx_alloc
<LI><a href="#[a2]">&gt;&gt;</a>&nbsp;&nbsp;&nbsp;des_ctx_alloc
<LI><a href="#[a8]">&gt;&gt;</a>&nbsp;&nbsp;&nbsp;des3_ctx_alloc
<LI><a href="#[bc]">&gt;&gt;</a>&nbsp;&nbsp;&nbsp;chachapoly_ctx_alloc
<LI><a href="#[b9]">&gt;&gt;</a>&nbsp;&nbsp;&nbsp;chacha20_ctx_alloc
<LI><a href="#[92]">&gt;&gt;</a>&nbsp;&nbsp;&nbsp;ccm_ctx_alloc
<LI><a href="#[9a]">&gt;&gt;</a>&nbsp;&nbsp;&nbsp;camellia_ctx_alloc
<LI><a href="#[b1]">&gt;&gt;</a>&nbsp;&nbsp;&nbsp;blowfish_ctx_alloc
<LI><a href="#[b5]">&gt;&gt;</a>&nbsp;&nbsp;&nbsp;arc4_ctx_alloc
<LI><a href="#[87]">&gt;&gt;</a>&nbsp;&nbsp;&nbsp;aes_ctx_alloc
</UL>

<P><STRONG><a name="[da]"></a>free</STRONG> (Thumb, 78 bytes, Stack size 16 bytes, h1_free.o(.text))
<BR><BR>[Stack]<UL><LI>Max Depth = 16<LI>Call Chain = free
</UL>
<BR>[Calls]<UL><LI><a href="#[db]">&gt;&gt;</a>&nbsp;&nbsp;&nbsp;__rt_heap_descriptor
</UL>
<BR>[Called By]<UL><LI><a href="#[8d]">&gt;&gt;</a>&nbsp;&nbsp;&nbsp;xts_aes_ctx_free
<LI><a href="#[90]">&gt;&gt;</a>&nbsp;&nbsp;&nbsp;gcm_ctx_free
<LI><a href="#[a3]">&gt;&gt;</a>&nbsp;&nbsp;&nbsp;des_ctx_free
<LI><a href="#[a9]">&gt;&gt;</a>&nbsp;&nbsp;&nbsp;des3_ctx_free
<LI><a href="#[bd]">&gt;&gt;</a>&nbsp;&nbsp;&nbsp;chachapoly_ctx_free
<LI><a href="#[ba]">&gt;&gt;</a>&nbsp;&nbsp;&nbsp;chacha20_ctx_free
<LI><a href="#[93]">&gt;&gt;</a>&nbsp;&nbsp;&nbsp;ccm_ctx_free
<LI><a href="#[9b]">&gt;&gt;</a>&nbsp;&nbsp;&nbsp;camellia_ctx_free
<LI><a href="#[b2]">&gt;&gt;</a>&nbsp;&nbsp;&nbsp;blowfish_ctx_free
<LI><a href="#[b6]">&gt;&gt;</a>&nbsp;&nbsp;&nbsp;arc4_ctx_free
<LI><a href="#[88]">&gt;&gt;</a>&nbsp;&nbsp;&nbsp;aes_ctx_free
<LI><a href="#[e8]">&gt;&gt;</a>&nbsp;&nbsp;&nbsp;__Heap_ProvideMemory
</UL>

<P><STRONG><a name="[dc]"></a>__2printf</STRONG> (Thumb, 20 bytes, Stack size 24 bytes, __2printf.o(.text))
<BR><BR>[Stack]<UL><LI>Max Depth = 144 + Unknown Stack Size
<LI>Call Chain = __2printf &rArr; _printf_char_file &rArr; _printf_char_common &rArr; __printf
</UL>
<BR>[Calls]<UL><LI><a href="#[dd]">&gt;&gt;</a>&nbsp;&nbsp;&nbsp;_printf_char_file
</UL>
<BR>[Called By]<UL><LI><a href="#[7c]">&gt;&gt;</a>&nbsp;&nbsp;&nbsp;usart1_task
<LI><a href="#[72]">&gt;&gt;</a>&nbsp;&nbsp;&nbsp;start_task
<LI><a href="#[16f]">&gt;&gt;</a>&nbsp;&nbsp;&nbsp;SYSBSP_Init
<LI><a href="#[d1]">&gt;&gt;</a>&nbsp;&nbsp;&nbsp;main
</UL>

<P><STRONG><a name="[ee]"></a>_printf_str</STRONG> (Thumb, 82 bytes, Stack size 16 bytes, _printf_str.o(.text))
<BR><BR>[Stack]<UL><LI>Max Depth = 16<LI>Call Chain = _printf_str
</UL>
<BR>[Called By]<UL><LI><a href="#[ed]">&gt;&gt;</a>&nbsp;&nbsp;&nbsp;_printf_cs_common
</UL>

<P><STRONG><a name="[c3]"></a>_printf_int_dec</STRONG> (Thumb, 104 bytes, Stack size 24 bytes, _printf_dec.o(.text))
<BR><BR>[Stack]<UL><LI>Max Depth = 56<LI>Call Chain = _printf_int_dec &rArr; _printf_int_common
</UL>
<BR>[Calls]<UL><LI><a href="#[de]">&gt;&gt;</a>&nbsp;&nbsp;&nbsp;_printf_int_common
</UL>
<BR>[Called By]<UL><LI><a href="#[c2]">&gt;&gt;</a>&nbsp;&nbsp;&nbsp;_printf_d
</UL>

<P><STRONG><a name="[df]"></a>__printf</STRONG> (Thumb, 388 bytes, Stack size 40 bytes, __printf_flags_ss_wp.o(.text))
<BR><BR>[Stack]<UL><LI>Max Depth = 40 + Unknown Stack Size
<LI>Call Chain = __printf
</UL>
<BR>[Calls]<UL><LI><a href="#[e1]">&gt;&gt;</a>&nbsp;&nbsp;&nbsp;_printf_percent
<LI><a href="#[e0]">&gt;&gt;</a>&nbsp;&nbsp;&nbsp;_is_digit
</UL>
<BR>[Called By]<UL><LI><a href="#[ec]">&gt;&gt;</a>&nbsp;&nbsp;&nbsp;_printf_char_common
</UL>

<P><STRONG><a name="[1c9]"></a>__aeabi_memcpy</STRONG> (Thumb, 0 bytes, Stack size 0 bytes, rt_memcpy_v6.o(.text))
<BR><BR>[Called By]<UL><LI><a href="#[177]">&gt;&gt;</a>&nbsp;&nbsp;&nbsp;mbedtls_cipher_update
<LI><a href="#[176]">&gt;&gt;</a>&nbsp;&nbsp;&nbsp;mbedtls_cipher_set_iv
<LI><a href="#[181]">&gt;&gt;</a>&nbsp;&nbsp;&nbsp;mbedtls_aes_crypt_cbc
<LI><a href="#[198]">&gt;&gt;</a>&nbsp;&nbsp;&nbsp;mbedtls_camellia_crypt_cbc
<LI><a href="#[1ae]">&gt;&gt;</a>&nbsp;&nbsp;&nbsp;mbedtls_poly1305_update
</UL>

<P><STRONG><a name="[e2]"></a>__rt_memcpy</STRONG> (Thumb, 138 bytes, Stack size 0 bytes, rt_memcpy_v6.o(.text), UNUSED)
<BR><BR>[Calls]<UL><LI><a href="#[e3]">&gt;&gt;</a>&nbsp;&nbsp;&nbsp;__aeabi_memcpy4
</UL>

<P><STRONG><a name="[20b]"></a>_memcpy_lastbytes</STRONG> (Thumb, 0 bytes, Stack size unknown bytes, rt_memcpy_v6.o(.text), UNUSED)

<P><STRONG><a name="[e3]"></a>__aeabi_memcpy4</STRONG> (Thumb, 0 bytes, Stack size 8 bytes, rt_memcpy_w.o(.text))
<BR><BR>[Stack]<UL><LI>Max Depth = 8<LI>Call Chain = __aeabi_memcpy4
</UL>
<BR>[Called By]<UL><LI><a href="#[1a3]">&gt;&gt;</a>&nbsp;&nbsp;&nbsp;chacha20_block
<LI><a href="#[e2]">&gt;&gt;</a>&nbsp;&nbsp;&nbsp;__rt_memcpy
</UL>

<P><STRONG><a name="[20c]"></a>__aeabi_memcpy8</STRONG> (Thumb, 0 bytes, Stack size 8 bytes, rt_memcpy_w.o(.text), UNUSED)

<P><STRONG><a name="[20d]"></a>__rt_memcpy_w</STRONG> (Thumb, 100 bytes, Stack size 8 bytes, rt_memcpy_w.o(.text), UNUSED)

<P><STRONG><a name="[20e]"></a>_memcpy_lastbytes_aligned</STRONG> (Thumb, 0 bytes, Stack size unknown bytes, rt_memcpy_w.o(.text), UNUSED)

<P><STRONG><a name="[a]"></a>memset</STRONG> (Thumb, 22 bytes, Stack size 8 bytes, memset.o(.text))
<BR><BR>[Stack]<UL><LI>Max Depth = 8 + Unknown Stack Size
<LI>Call Chain = memset
</UL>
<BR>[Calls]<UL><LI><a href="#[e4]">&gt;&gt;</a>&nbsp;&nbsp;&nbsp;_memset
</UL>
<BR>[Address Reference Count : 1]<UL><LI> platform_util.o(.data)
</UL>
<P><STRONG><a name="[d9]"></a>__aeabi_memclr</STRONG> (Thumb, 0 bytes, Stack size 0 bytes, rt_memclr.o(.text))
<BR><BR>[Called By]<UL><LI><a href="#[d7]">&gt;&gt;</a>&nbsp;&nbsp;&nbsp;calloc
</UL>

<P><STRONG><a name="[e5]"></a>__rt_memclr</STRONG> (Thumb, 68 bytes, Stack size 0 bytes, rt_memclr.o(.text), UNUSED)
<BR><BR>[Calls]<UL><LI><a href="#[e6]">&gt;&gt;</a>&nbsp;&nbsp;&nbsp;_memset_w
</UL>

<P><STRONG><a name="[e4]"></a>_memset</STRONG> (Thumb, 0 bytes, Stack size unknown bytes, rt_memclr.o(.text))
<BR><BR>[Called By]<UL><LI><a href="#[a]">&gt;&gt;</a>&nbsp;&nbsp;&nbsp;memset
</UL>

<P><STRONG><a name="[170]"></a>__aeabi_memclr4</STRONG> (Thumb, 0 bytes, Stack size 4 bytes, rt_memclr_w.o(.text))
<BR><BR>[Stack]<UL><LI>Max Depth = 4<LI>Call Chain = __aeabi_memclr4
</UL>
<BR>[Called By]<UL><LI><a href="#[174]">&gt;&gt;</a>&nbsp;&nbsp;&nbsp;mbedtls_cipher_setup
<LI><a href="#[172]">&gt;&gt;</a>&nbsp;&nbsp;&nbsp;mbedtls_cipher_init
<LI><a href="#[16f]">&gt;&gt;</a>&nbsp;&nbsp;&nbsp;SYSBSP_Init
<LI><a href="#[187]">&gt;&gt;</a>&nbsp;&nbsp;&nbsp;mbedtls_aes_init
<LI><a href="#[19f]">&gt;&gt;</a>&nbsp;&nbsp;&nbsp;mbedtls_camellia_setkey_enc
<LI><a href="#[19c]">&gt;&gt;</a>&nbsp;&nbsp;&nbsp;mbedtls_camellia_init
<LI><a href="#[193]">&gt;&gt;</a>&nbsp;&nbsp;&nbsp;mbedtls_blowfish_init
<LI><a href="#[18c]">&gt;&gt;</a>&nbsp;&nbsp;&nbsp;mbedtls_arc4_init
<LI><a href="#[1a1]">&gt;&gt;</a>&nbsp;&nbsp;&nbsp;mbedtls_ccm_init
<LI><a href="#[1c2]">&gt;&gt;</a>&nbsp;&nbsp;&nbsp;mbedtls_gcm_init
<LI><a href="#[1bd]">&gt;&gt;</a>&nbsp;&nbsp;&nbsp;mbedtls_des_init
<LI><a href="#[1b2]">&gt;&gt;</a>&nbsp;&nbsp;&nbsp;mbedtls_des3_init
</UL>

<P><STRONG><a name="[20f]"></a>__aeabi_memclr8</STRONG> (Thumb, 0 bytes, Stack size 4 bytes, rt_memclr_w.o(.text), UNUSED)

<P><STRONG><a name="[210]"></a>__rt_memclr_w</STRONG> (Thumb, 78 bytes, Stack size 4 bytes, rt_memclr_w.o(.text), UNUSED)

<P><STRONG><a name="[e6]"></a>_memset_w</STRONG> (Thumb, 0 bytes, Stack size unknown bytes, rt_memclr_w.o(.text), UNUSED)
<BR><BR>[Called By]<UL><LI><a href="#[e5]">&gt;&gt;</a>&nbsp;&nbsp;&nbsp;__rt_memclr
</UL>

<P><STRONG><a name="[211]"></a>__use_two_region_memory</STRONG> (Thumb, 2 bytes, Stack size 0 bytes, heapauxi.o(.text), UNUSED)

<P><STRONG><a name="[3]"></a>__rt_heap_escrow</STRONG> (Thumb, 2 bytes, Stack size 0 bytes, heapauxi.o(.text), UNUSED)

<P><STRONG><a name="[2]"></a>__rt_heap_expand</STRONG> (Thumb, 2 bytes, Stack size 0 bytes, heapauxi.o(.text), UNUSED)

<P><STRONG><a name="[212]"></a>__I$use$semihosting</STRONG> (Thumb, 0 bytes, Stack size 0 bytes, use_no_semi.o(.text), UNUSED)

<P><STRONG><a name="[213]"></a>__use_no_semihosting_swi</STRONG> (Thumb, 2 bytes, Stack size 0 bytes, use_no_semi.o(.text), UNUSED)

<P><STRONG><a name="[db]"></a>__rt_heap_descriptor</STRONG> (Thumb, 8 bytes, Stack size 0 bytes, rt_heap_descriptor_intlibspace.o(.text))
<BR><BR>[Called By]<UL><LI><a href="#[cb]">&gt;&gt;</a>&nbsp;&nbsp;&nbsp;_init_alloc
<LI><a href="#[da]">&gt;&gt;</a>&nbsp;&nbsp;&nbsp;free
<LI><a href="#[d8]">&gt;&gt;</a>&nbsp;&nbsp;&nbsp;malloc
</UL>

<P><STRONG><a name="[214]"></a>__use_no_heap</STRONG> (Thumb, 2 bytes, Stack size 0 bytes, hguard.o(.text), UNUSED)

<P><STRONG><a name="[215]"></a>__heap$guard</STRONG> (Thumb, 2 bytes, Stack size 0 bytes, hguard.o(.text), UNUSED)

<P><STRONG><a name="[8]"></a>_terminate_user_alloc</STRONG> (Thumb, 2 bytes, Stack size 0 bytes, init_alloc.o(.text), UNUSED)

<P><STRONG><a name="[5]"></a>_init_user_alloc</STRONG> (Thumb, 2 bytes, Stack size 0 bytes, init_alloc.o(.text), UNUSED)

<P><STRONG><a name="[e7]"></a>__Heap_Full</STRONG> (Thumb, 34 bytes, Stack size 16 bytes, init_alloc.o(.text))
<BR><BR>[Stack]<UL><LI>Max Depth = 32<LI>Call Chain = __Heap_Full &rArr; __Heap_ProvideMemory &rArr; free
</UL>
<BR>[Calls]<UL><LI><a href="#[e8]">&gt;&gt;</a>&nbsp;&nbsp;&nbsp;__Heap_ProvideMemory
</UL>
<BR>[Called By]<UL><LI><a href="#[d8]">&gt;&gt;</a>&nbsp;&nbsp;&nbsp;malloc
</UL>

<P><STRONG><a name="[e9]"></a>__Heap_Broken</STRONG> (Thumb, 6 bytes, Stack size 0 bytes, init_alloc.o(.text), UNUSED)
<BR><BR>[Calls]<UL><LI><a href="#[ea]">&gt;&gt;</a>&nbsp;&nbsp;&nbsp;__rt_SIGRTMEM
</UL>

<P><STRONG><a name="[cb]"></a>_init_alloc</STRONG> (Thumb, 94 bytes, Stack size 24 bytes, init_alloc.o(.text))
<BR><BR>[Stack]<UL><LI>Max Depth = 72<LI>Call Chain = _init_alloc &rArr; __rt_SIGRTMEM &rArr; __rt_SIGRTMEM_inner &rArr; __default_signal_display &rArr; _ttywrch
</UL>
<BR>[Calls]<UL><LI><a href="#[db]">&gt;&gt;</a>&nbsp;&nbsp;&nbsp;__rt_heap_descriptor
<LI><a href="#[ea]">&gt;&gt;</a>&nbsp;&nbsp;&nbsp;__rt_SIGRTMEM
<LI><a href="#[e8]">&gt;&gt;</a>&nbsp;&nbsp;&nbsp;__Heap_ProvideMemory
<LI><a href="#[eb]">&gt;&gt;</a>&nbsp;&nbsp;&nbsp;__Heap_Initialize
</UL>
<BR>[Called By]<UL><LI><a href="#[ca]">&gt;&gt;</a>&nbsp;&nbsp;&nbsp;__rt_lib_init_heap_2
</UL>

<P><STRONG><a name="[d8]"></a>malloc</STRONG> (Thumb, 94 bytes, Stack size 16 bytes, h1_alloc.o(.text))
<BR><BR>[Stack]<UL><LI>Max Depth = 48<LI>Call Chain = malloc &rArr; __Heap_Full &rArr; __Heap_ProvideMemory &rArr; free
</UL>
<BR>[Calls]<UL><LI><a href="#[e7]">&gt;&gt;</a>&nbsp;&nbsp;&nbsp;__Heap_Full
<LI><a href="#[db]">&gt;&gt;</a>&nbsp;&nbsp;&nbsp;__rt_heap_descriptor
</UL>
<BR>[Called By]<UL><LI><a href="#[d7]">&gt;&gt;</a>&nbsp;&nbsp;&nbsp;calloc
</UL>

<P><STRONG><a name="[de]"></a>_printf_int_common</STRONG> (Thumb, 178 bytes, Stack size 32 bytes, _printf_intcommon.o(.text))
<BR><BR>[Stack]<UL><LI>Max Depth = 32<LI>Call Chain = _printf_int_common
</UL>
<BR>[Called By]<UL><LI><a href="#[c3]">&gt;&gt;</a>&nbsp;&nbsp;&nbsp;_printf_int_dec
</UL>

<P><STRONG><a name="[ec]"></a>_printf_char_common</STRONG> (Thumb, 32 bytes, Stack size 64 bytes, _printf_char_common.o(.text))
<BR><BR>[Stack]<UL><LI>Max Depth = 104 + Unknown Stack Size
<LI>Call Chain = _printf_char_common &rArr; __printf
</UL>
<BR>[Calls]<UL><LI><a href="#[df]">&gt;&gt;</a>&nbsp;&nbsp;&nbsp;__printf
</UL>
<BR>[Called By]<UL><LI><a href="#[dd]">&gt;&gt;</a>&nbsp;&nbsp;&nbsp;_printf_char_file
</UL>

<P><STRONG><a name="[ed]"></a>_printf_cs_common</STRONG> (Thumb, 20 bytes, Stack size 8 bytes, _printf_char.o(.text))
<BR><BR>[Stack]<UL><LI>Max Depth = 24<LI>Call Chain = _printf_cs_common &rArr; _printf_str
</UL>
<BR>[Calls]<UL><LI><a href="#[ee]">&gt;&gt;</a>&nbsp;&nbsp;&nbsp;_printf_str
</UL>
<BR>[Called By]<UL><LI><a href="#[c7]">&gt;&gt;</a>&nbsp;&nbsp;&nbsp;_printf_string
<LI><a href="#[c5]">&gt;&gt;</a>&nbsp;&nbsp;&nbsp;_printf_char
</UL>

<P><STRONG><a name="[c5]"></a>_printf_char</STRONG> (Thumb, 16 bytes, Stack size 0 bytes, _printf_char.o(.text))
<BR><BR>[Stack]<UL><LI>Max Depth = 24<LI>Call Chain = _printf_char &rArr; _printf_cs_common &rArr; _printf_str
</UL>
<BR>[Calls]<UL><LI><a href="#[ed]">&gt;&gt;</a>&nbsp;&nbsp;&nbsp;_printf_cs_common
</UL>
<BR>[Called By]<UL><LI><a href="#[c4]">&gt;&gt;</a>&nbsp;&nbsp;&nbsp;_printf_c
</UL>

<P><STRONG><a name="[c7]"></a>_printf_string</STRONG> (Thumb, 8 bytes, Stack size 0 bytes, _printf_char.o(.text))
<BR><BR>[Stack]<UL><LI>Max Depth = 24<LI>Call Chain = _printf_string &rArr; _printf_cs_common &rArr; _printf_str
</UL>
<BR>[Calls]<UL><LI><a href="#[ed]">&gt;&gt;</a>&nbsp;&nbsp;&nbsp;_printf_cs_common
</UL>
<BR>[Called By]<UL><LI><a href="#[c6]">&gt;&gt;</a>&nbsp;&nbsp;&nbsp;_printf_s
</UL>

<P><STRONG><a name="[dd]"></a>_printf_char_file</STRONG> (Thumb, 32 bytes, Stack size 16 bytes, _printf_char_file.o(.text))
<BR><BR>[Stack]<UL><LI>Max Depth = 120 + Unknown Stack Size
<LI>Call Chain = _printf_char_file &rArr; _printf_char_common &rArr; __printf
</UL>
<BR>[Calls]<UL><LI><a href="#[ef]">&gt;&gt;</a>&nbsp;&nbsp;&nbsp;ferror
<LI><a href="#[ec]">&gt;&gt;</a>&nbsp;&nbsp;&nbsp;_printf_char_common
</UL>
<BR>[Called By]<UL><LI><a href="#[dc]">&gt;&gt;</a>&nbsp;&nbsp;&nbsp;__2printf
</UL>

<P><STRONG><a name="[216]"></a>__user_libspace</STRONG> (Thumb, 8 bytes, Stack size 0 bytes, libspace.o(.text), UNUSED)

<P><STRONG><a name="[f2]"></a>__user_perproc_libspace</STRONG> (Thumb, 0 bytes, Stack size 0 bytes, libspace.o(.text))
<BR><BR>[Called By]<UL><LI><a href="#[cd]">&gt;&gt;</a>&nbsp;&nbsp;&nbsp;__user_setup_stackheap
</UL>

<P><STRONG><a name="[217]"></a>__user_perthread_libspace</STRONG> (Thumb, 0 bytes, Stack size 0 bytes, libspace.o(.text), UNUSED)

<P><STRONG><a name="[eb]"></a>__Heap_Initialize</STRONG> (Thumb, 10 bytes, Stack size 0 bytes, h1_init.o(.text))
<BR><BR>[Called By]<UL><LI><a href="#[cb]">&gt;&gt;</a>&nbsp;&nbsp;&nbsp;_init_alloc
</UL>

<P><STRONG><a name="[4]"></a>__Heap_DescSize</STRONG> (Thumb, 4 bytes, Stack size 0 bytes, h1_init.o(.text), UNUSED)

<P><STRONG><a name="[e8]"></a>__Heap_ProvideMemory</STRONG> (Thumb, 52 bytes, Stack size 0 bytes, h1_extend.o(.text))
<BR><BR>[Stack]<UL><LI>Max Depth = 16<LI>Call Chain = __Heap_ProvideMemory &rArr; free
</UL>
<BR>[Calls]<UL><LI><a href="#[da]">&gt;&gt;</a>&nbsp;&nbsp;&nbsp;free
</UL>
<BR>[Called By]<UL><LI><a href="#[cb]">&gt;&gt;</a>&nbsp;&nbsp;&nbsp;_init_alloc
<LI><a href="#[e7]">&gt;&gt;</a>&nbsp;&nbsp;&nbsp;__Heap_Full
</UL>

<P><STRONG><a name="[ef]"></a>ferror</STRONG> (Thumb, 8 bytes, Stack size 0 bytes, ferror.o(.text))
<BR><BR>[Called By]<UL><LI><a href="#[dd]">&gt;&gt;</a>&nbsp;&nbsp;&nbsp;_printf_char_file
</UL>

<P><STRONG><a name="[ea]"></a>__rt_SIGRTMEM</STRONG> (Thumb, 14 bytes, Stack size 8 bytes, defsig_rtmem_outer.o(.text))
<BR><BR>[Stack]<UL><LI>Max Depth = 48<LI>Call Chain = __rt_SIGRTMEM &rArr; __rt_SIGRTMEM_inner &rArr; __default_signal_display &rArr; _ttywrch
</UL>
<BR>[Calls]<UL><LI><a href="#[f0]">&gt;&gt;</a>&nbsp;&nbsp;&nbsp;__rt_SIGRTMEM_inner
<LI><a href="#[f1]">&gt;&gt;</a>&nbsp;&nbsp;&nbsp;__sig_exit
</UL>
<BR>[Called By]<UL><LI><a href="#[cb]">&gt;&gt;</a>&nbsp;&nbsp;&nbsp;_init_alloc
<LI><a href="#[e9]">&gt;&gt;</a>&nbsp;&nbsp;&nbsp;__Heap_Broken
</UL>

<P><STRONG><a name="[cd]"></a>__user_setup_stackheap</STRONG> (Thumb, 74 bytes, Stack size 8 bytes, sys_stackheap_outer.o(.text))
<BR><BR>[Stack]<UL><LI>Max Depth = 8 + Unknown Stack Size
<LI>Call Chain = __user_setup_stackheap
</UL>
<BR>[Calls]<UL><LI><a href="#[f3]">&gt;&gt;</a>&nbsp;&nbsp;&nbsp;__user_initial_stackheap
<LI><a href="#[f2]">&gt;&gt;</a>&nbsp;&nbsp;&nbsp;__user_perproc_libspace
</UL>
<BR>[Called By]<UL><LI><a href="#[cc]">&gt;&gt;</a>&nbsp;&nbsp;&nbsp;__rt_entry_sh
</UL>

<P><STRONG><a name="[d2]"></a>exit</STRONG> (Thumb, 18 bytes, Stack size 8 bytes, exit.o(.text))
<BR><BR>[Stack]<UL><LI>Max Depth = 8 + Unknown Stack Size
<LI>Call Chain = exit
</UL>
<BR>[Calls]<UL><LI><a href="#[f4]">&gt;&gt;</a>&nbsp;&nbsp;&nbsp;__rt_exit
</UL>
<BR>[Called By]<UL><LI><a href="#[d0]">&gt;&gt;</a>&nbsp;&nbsp;&nbsp;__rt_entry_main
</UL>

<P><STRONG><a name="[f1]"></a>__sig_exit</STRONG> (Thumb, 10 bytes, Stack size 0 bytes, defsig_exit.o(.text))
<BR><BR>[Calls]<UL><LI><a href="#[d6]">&gt;&gt;</a>&nbsp;&nbsp;&nbsp;_sys_exit
</UL>
<BR>[Called By]<UL><LI><a href="#[ea]">&gt;&gt;</a>&nbsp;&nbsp;&nbsp;__rt_SIGRTMEM
</UL>

<P><STRONG><a name="[f0]"></a>__rt_SIGRTMEM_inner</STRONG> (Thumb, 22 bytes, Stack size 8 bytes, defsig_rtmem_inner.o(.text))
<BR><BR>[Stack]<UL><LI>Max Depth = 40<LI>Call Chain = __rt_SIGRTMEM_inner &rArr; __default_signal_display &rArr; _ttywrch
</UL>
<BR>[Calls]<UL><LI><a href="#[f5]">&gt;&gt;</a>&nbsp;&nbsp;&nbsp;__default_signal_display
</UL>
<BR>[Called By]<UL><LI><a href="#[ea]">&gt;&gt;</a>&nbsp;&nbsp;&nbsp;__rt_SIGRTMEM
</UL>

<P><STRONG><a name="[f5]"></a>__default_signal_display</STRONG> (Thumb, 50 bytes, Stack size 16 bytes, defsig_general.o(.text))
<BR><BR>[Stack]<UL><LI>Max Depth = 32<LI>Call Chain = __default_signal_display &rArr; _ttywrch
</UL>
<BR>[Calls]<UL><LI><a href="#[f6]">&gt;&gt;</a>&nbsp;&nbsp;&nbsp;_ttywrch
</UL>
<BR>[Called By]<UL><LI><a href="#[f0]">&gt;&gt;</a>&nbsp;&nbsp;&nbsp;__rt_SIGRTMEM_inner
</UL>

<P><STRONG><a name="[131]"></a>OSStartHighRdy</STRONG> (Thumb, 0 bytes, Stack size unknown bytes, os_cpu_a.o(CODE))
<BR><BR>[Called By]<UL><LI><a href="#[130]">&gt;&gt;</a>&nbsp;&nbsp;&nbsp;OSStart
</UL>

<P><STRONG><a name="[218]"></a>OSCtxSw</STRONG> (Thumb, 0 bytes, Stack size unknown bytes, os_cpu_a.o(CODE), UNUSED)

<P><STRONG><a name="[219]"></a>OSIntCtxSw</STRONG> (Thumb, 0 bytes, Stack size unknown bytes, os_cpu_a.o(CODE), UNUSED)

<P><STRONG><a name="[13]"></a>PendSV_Handler</STRONG> (Thumb, 0 bytes, Stack size unknown bytes, os_cpu_a.o(CODE))
<BR>[Address Reference Count : 1]<UL><LI> startup_stm32f40_41xxx.o(RESET)
</UL>
<P><STRONG><a name="[f7]"></a>BSP_CPU_ClkFreq</STRONG> (Thumb, 14 bytes, Stack size 24 bytes, bsp.o(i.BSP_CPU_ClkFreq))
<BR><BR>[Stack]<UL><LI>Max Depth = 40<LI>Call Chain = BSP_CPU_ClkFreq &rArr; RCC_GetClocksFreq
</UL>
<BR>[Calls]<UL><LI><a href="#[f8]">&gt;&gt;</a>&nbsp;&nbsp;&nbsp;RCC_GetClocksFreq
</UL>
<BR>[Called By]<UL><LI><a href="#[fa]">&gt;&gt;</a>&nbsp;&nbsp;&nbsp;CPU_TS_TmrInit
</UL>

<P><STRONG><a name="[f]"></a>BusFault_Handler</STRONG> (Thumb, 2 bytes, Stack size 0 bytes, stm32f4xx_it.o(i.BusFault_Handler))
<BR><BR>[Calls]<UL><LI><a href="#[f]">&gt;&gt;</a>&nbsp;&nbsp;&nbsp;BusFault_Handler
</UL>
<BR>[Called By]<UL><LI><a href="#[f]">&gt;&gt;</a>&nbsp;&nbsp;&nbsp;BusFault_Handler
</UL>
<BR>[Address Reference Count : 1]<UL><LI> startup_stm32f40_41xxx.o(RESET)
</UL>
<P><STRONG><a name="[f9]"></a>CPU_Init</STRONG> (Thumb, 24 bytes, Stack size 8 bytes, cpu_core.o(i.CPU_Init))
<BR><BR>[Stack]<UL><LI>Max Depth = 56 + Unknown Stack Size
<LI>Call Chain = CPU_Init &rArr; CPU_TS_TmrInit &rArr; BSP_CPU_ClkFreq &rArr; RCC_GetClocksFreq
</UL>
<BR>[Calls]<UL><LI><a href="#[fc]">&gt;&gt;</a>&nbsp;&nbsp;&nbsp;CPU_NameClr
<LI><a href="#[fb]">&gt;&gt;</a>&nbsp;&nbsp;&nbsp;CPU_IntDisMeasInit
<LI><a href="#[fa]">&gt;&gt;</a>&nbsp;&nbsp;&nbsp;CPU_TS_TmrInit
</UL>
<BR>[Called By]<UL><LI><a href="#[72]">&gt;&gt;</a>&nbsp;&nbsp;&nbsp;start_task
</UL>

<P><STRONG><a name="[101]"></a>CPU_IntDisMeasMaxCurGet</STRONG> (Thumb, 24 bytes, Stack size 8 bytes, cpu_core.o(i.CPU_IntDisMeasMaxCurGet))
<BR><BR>[Stack]<UL><LI>Max Depth = 8 + Unknown Stack Size
<LI>Call Chain = CPU_IntDisMeasMaxCurGet
</UL>
<BR>[Calls]<UL><LI><a href="#[fd]">&gt;&gt;</a>&nbsp;&nbsp;&nbsp;CPU_SR_Save
[...]
<BR><BR>[Stack]<UL><LI>Max Depth = 72<LI>Call Chain = camellia_ctx_alloc &rArr; calloc &rArr; malloc &rArr; __Heap_Full &rArr; __Heap_ProvideMemory &rArr; free
</UL>
<BR>[Calls]<UL><LI><a href="#[19c]">&gt;&gt;</a>&nbsp;&nbsp;&nbsp;mbedtls_camellia_init
<LI><a href="#[d7]">&gt;&gt;</a>&nbsp;&nbsp;&nbsp;calloc
</UL>
<BR>[Address Reference Count : 1]<UL><LI> cipher_wrap.o(.constdata)
</UL>
<P><STRONG><a name="[9b]"></a>camellia_ctx_free</STRONG> (Thumb, 18 bytes, Stack size 8 bytes, cipher_wrap.o(i.camellia_ctx_free))
<BR><BR>[Stack]<UL><LI>Max Depth = 24<LI>Call Chain = camellia_ctx_free &rArr; free
</UL>
<BR>[Calls]<UL><LI><a href="#[19d]">&gt;&gt;</a>&nbsp;&nbsp;&nbsp;mbedtls_camellia_free
<LI><a href="#[da]">&gt;&gt;</a>&nbsp;&nbsp;&nbsp;free
</UL>
<BR>[Address Reference Count : 1]<UL><LI> cipher_wrap.o(.constdata)
</UL>
<P><STRONG><a name="[99]"></a>camellia_setkey_dec_wrap</STRONG> (Thumb, 4 bytes, Stack size 0 bytes, cipher_wrap.o(i.camellia_setkey_dec_wrap))
<BR><BR>[Stack]<UL><LI>Max Depth = 612<LI>Call Chain = camellia_setkey_dec_wrap &rArr; mbedtls_camellia_setkey_dec &rArr; mbedtls_camellia_setkey_enc &rArr; camellia_feistel
</UL>
<BR>[Calls]<UL><LI><a href="#[19e]">&gt;&gt;</a>&nbsp;&nbsp;&nbsp;mbedtls_camellia_setkey_dec
</UL>
<BR>[Address Reference Count : 1]<UL><LI> cipher_wrap.o(.constdata)
</UL>
<P><STRONG><a name="[98]"></a>camellia_setkey_enc_wrap</STRONG> (Thumb, 4 bytes, Stack size 0 bytes, cipher_wrap.o(i.camellia_setkey_enc_wrap))
<BR><BR>[Stack]<UL><LI>Max Depth = 316<LI>Call Chain = camellia_setkey_enc_wrap &rArr; mbedtls_camellia_setkey_enc &rArr; camellia_feistel
</UL>
<BR>[Calls]<UL><LI><a href="#[19f]">&gt;&gt;</a>&nbsp;&nbsp;&nbsp;mbedtls_camellia_setkey_enc
</UL>
<BR>[Address Reference Count : 1]<UL><LI> cipher_wrap.o(.constdata)
</UL>
<P><STRONG><a name="[91]"></a>ccm_aes_setkey_wrap</STRONG> (Thumb, 10 bytes, Stack size 0 bytes, cipher_wrap.o(i.ccm_aes_setkey_wrap))
<BR><BR>[Stack]<UL><LI>Max Depth = 44<LI>Call Chain = ccm_aes_setkey_wrap &rArr; mbedtls_ccm_setkey &rArr; mbedtls_cipher_setup &rArr; __aeabi_memclr4
</UL>
<BR>[Calls]<UL><LI><a href="#[1a0]">&gt;&gt;</a>&nbsp;&nbsp;&nbsp;mbedtls_ccm_setkey
</UL>
<BR>[Address Reference Count : 1]<UL><LI> cipher_wrap.o(.constdata)
</UL>
<P><STRONG><a name="[9d]"></a>ccm_camellia_setkey_wrap</STRONG> (Thumb, 10 bytes, Stack size 0 bytes, cipher_wrap.o(i.ccm_camellia_setkey_wrap))
<BR><BR>[Stack]<UL><LI>Max Depth = 44<LI>Call Chain = ccm_camellia_setkey_wrap &rArr; mbedtls_ccm_setkey &rArr; mbedtls_cipher_setup &rArr; __aeabi_memclr4
</UL>
<BR>[Calls]<UL><LI><a href="#[1a0]">&gt;&gt;</a>&nbsp;&nbsp;&nbsp;mbedtls_ccm_setkey
</UL>
<BR>[Address Reference Count : 1]<UL><LI> cipher_wrap.o(.constdata)
</UL>
<P><STRONG><a name="[92]"></a>ccm_ctx_alloc</STRONG> (Thumb, 22 bytes, Stack size 8 bytes, cipher_wrap.o(i.ccm_ctx_alloc))
<BR><BR>[Stack]<UL><LI>Max Depth = 72<LI>Call Chain = ccm_ctx_alloc &rArr; calloc &rArr; malloc &rArr; __Heap_Full &rArr; __Heap_ProvideMemory &rArr; free
</UL>
<BR>[Calls]<UL><LI><a href="#[1a1]">&gt;&gt;</a>&nbsp;&nbsp;&nbsp;mbedtls_ccm_init
<LI><a href="#[d7]">&gt;&gt;</a>&nbsp;&nbsp;&nbsp;calloc
</UL>
<BR>[Address Reference Count : 2]<UL><LI> cipher_wrap.o(.constdata)
<LI> cipher_wrap.o(.constdata)
</UL>
<P><STRONG><a name="[93]"></a>ccm_ctx_free</STRONG> (Thumb, 18 bytes, Stack size 8 bytes, cipher_wrap.o(i.ccm_ctx_free))
<BR><BR>[Stack]<UL><LI>Max Depth = 24<LI>Call Chain = ccm_ctx_free &rArr; mbedtls_ccm_free &rArr; mbedtls_cipher_free
</UL>
<BR>[Calls]<UL><LI><a href="#[1a2]">&gt;&gt;</a>&nbsp;&nbsp;&nbsp;mbedtls_ccm_free
<LI><a href="#[da]">&gt;&gt;</a>&nbsp;&nbsp;&nbsp;free
</UL>
<BR>[Address Reference Count : 2]<UL><LI> cipher_wrap.o(.constdata)
<LI> cipher_wrap.o(.constdata)
</UL>
<P><STRONG><a name="[b9]"></a>chacha20_ctx_alloc</STRONG> (Thumb, 26 bytes, Stack size 8 bytes, cipher_wrap.o(i.chacha20_ctx_alloc))
<BR><BR>[Stack]<UL><LI>Max Depth = 72<LI>Call Chain = chacha20_ctx_alloc &rArr; calloc &rArr; malloc &rArr; __Heap_Full &rArr; __Heap_ProvideMemory &rArr; free
</UL>
<BR>[Calls]<UL><LI><a href="#[1a6]">&gt;&gt;</a>&nbsp;&nbsp;&nbsp;mbedtls_chacha20_init
<LI><a href="#[d7]">&gt;&gt;</a>&nbsp;&nbsp;&nbsp;calloc
</UL>
<BR>[Address Reference Count : 1]<UL><LI> cipher_wrap.o(.constdata)
</UL>
<P><STRONG><a name="[ba]"></a>chacha20_ctx_free</STRONG> (Thumb, 18 bytes, Stack size 8 bytes, cipher_wrap.o(i.chacha20_ctx_free))
<BR><BR>[Stack]<UL><LI>Max Depth = 24<LI>Call Chain = chacha20_ctx_free &rArr; free
</UL>
<BR>[Calls]<UL><LI><a href="#[1a7]">&gt;&gt;</a>&nbsp;&nbsp;&nbsp;mbedtls_chacha20_free
<LI><a href="#[da]">&gt;&gt;</a>&nbsp;&nbsp;&nbsp;free
</UL>
<BR>[Address Reference Count : 1]<UL><LI> cipher_wrap.o(.constdata)
</UL>
<P><STRONG><a name="[b8]"></a>chacha20_setkey_wrap</STRONG> (Thumb, 22 bytes, Stack size 8 bytes, cipher_wrap.o(i.chacha20_setkey_wrap))
<BR><BR>[Stack]<UL><LI>Max Depth = 8<LI>Call Chain = chacha20_setkey_wrap
</UL>
<BR>[Calls]<UL><LI><a href="#[1a9]">&gt;&gt;</a>&nbsp;&nbsp;&nbsp;mbedtls_chacha20_setkey
</UL>
<BR>[Address Reference Count : 1]<UL><LI> cipher_wrap.o(.constdata)
</UL>
<P><STRONG><a name="[b7]"></a>chacha20_stream_wrap</STRONG> (Thumb, 16 bytes, Stack size 8 bytes, cipher_wrap.o(i.chacha20_stream_wrap))
<BR><BR>[Stack]<UL><LI>Max Depth = 168<LI>Call Chain = chacha20_stream_wrap &rArr; mbedtls_chacha20_update &rArr; chacha20_block &rArr; chacha20_inner_block &rArr; chacha20_quarter_round
</UL>
<BR>[Calls]<UL><LI><a href="#[1aa]">&gt;&gt;</a>&nbsp;&nbsp;&nbsp;mbedtls_chacha20_update
</UL>
<BR>[Address Reference Count : 1]<UL><LI> cipher_wrap.o(.constdata)
</UL>
<P><STRONG><a name="[bc]"></a>chachapoly_ctx_alloc</STRONG> (Thumb, 26 bytes, Stack size 8 bytes, cipher_wrap.o(i.chachapoly_ctx_alloc))
<BR><BR>[Stack]<UL><LI>Max Depth = 72<LI>Call Chain = chachapoly_ctx_alloc &rArr; calloc &rArr; malloc &rArr; __Heap_Full &rArr; __Heap_ProvideMemory &rArr; free
</UL>
<BR>[Calls]<UL><LI><a href="#[1ab]">&gt;&gt;</a>&nbsp;&nbsp;&nbsp;mbedtls_chachapoly_init
<LI><a href="#[d7]">&gt;&gt;</a>&nbsp;&nbsp;&nbsp;calloc
</UL>
<BR>[Address Reference Count : 1]<UL><LI> cipher_wrap.o(.constdata)
</UL>
<P><STRONG><a name="[bd]"></a>chachapoly_ctx_free</STRONG> (Thumb, 18 bytes, Stack size 8 bytes, cipher_wrap.o(i.chachapoly_ctx_free))
<BR><BR>[Stack]<UL><LI>Max Depth = 24<LI>Call Chain = chachapoly_ctx_free &rArr; free
</UL>
<BR>[Calls]<UL><LI><a href="#[1ac]">&gt;&gt;</a>&nbsp;&nbsp;&nbsp;mbedtls_chachapoly_free
<LI><a href="#[da]">&gt;&gt;</a>&nbsp;&nbsp;&nbsp;free
</UL>
<BR>[Address Reference Count : 1]<UL><LI> cipher_wrap.o(.constdata)
</UL>
<P><STRONG><a name="[bb]"></a>chachapoly_setkey_wrap</STRONG> (Thumb, 22 bytes, Stack size 8 bytes, cipher_wrap.o(i.chachapoly_setkey_wrap))
<BR><BR>[Stack]<UL><LI>Max Depth = 8<LI>Call Chain = chachapoly_setkey_wrap
</UL>
<BR>[Calls]<UL><LI><a href="#[1af]">&gt;&gt;</a>&nbsp;&nbsp;&nbsp;mbedtls_chachapoly_setkey
</UL>
<BR>[Address Reference Count : 1]<UL><LI> cipher_wrap.o(.constdata)
</UL>
<P><STRONG><a name="[a5]"></a>des3_crypt_cbc_wrap</STRONG> (Thumb, 16 bytes, Stack size 24 bytes, cipher_wrap.o(i.des3_crypt_cbc_wrap))
<BR><BR>[Stack]<UL><LI>Max Depth = 92<LI>Call Chain = des3_crypt_cbc_wrap &rArr; mbedtls_des3_crypt_cbc &rArr; mbedtls_des3_crypt_ecb
</UL>
<BR>[Calls]<UL><LI><a href="#[1b0]">&gt;&gt;</a>&nbsp;&nbsp;&nbsp;mbedtls_des3_crypt_cbc
</UL>
<BR>[Address Reference Count : 2]<UL><LI> cipher_wrap.o(.constdata)
<LI> cipher_wrap.o(.constdata)
</UL>
<P><STRONG><a name="[a4]"></a>des3_crypt_ecb_wrap</STRONG> (Thumb, 8 bytes, Stack size 0 bytes, cipher_wrap.o(i.des3_crypt_ecb_wrap))
<BR><BR>[Stack]<UL><LI>Max Depth = 36<LI>Call Chain = des3_crypt_ecb_wrap &rArr; mbedtls_des3_crypt_ecb
</UL>
<BR>[Calls]<UL><LI><a href="#[1b1]">&gt;&gt;</a>&nbsp;&nbsp;&nbsp;mbedtls_des3_crypt_ecb
</UL>
<BR>[Address Reference Count : 2]<UL><LI> cipher_wrap.o(.constdata)
<LI> cipher_wrap.o(.constdata)
</UL>
<P><STRONG><a name="[a8]"></a>des3_ctx_alloc</STRONG> (Thumb, 28 bytes, Stack size 8 bytes, cipher_wrap.o(i.des3_ctx_alloc))
<BR><BR>[Stack]<UL><LI>Max Depth = 72<LI>Call Chain = des3_ctx_alloc &rArr; calloc &rArr; malloc &rArr; __Heap_Full &rArr; __Heap_ProvideMemory &rArr; free
</UL>
<BR>[Calls]<UL><LI><a href="#[1b2]">&gt;&gt;</a>&nbsp;&nbsp;&nbsp;mbedtls_des3_init
<LI><a href="#[d7]">&gt;&gt;</a>&nbsp;&nbsp;&nbsp;calloc
</UL>
<BR>[Address Reference Count : 2]<UL><LI> cipher_wrap.o(.constdata)
<LI> cipher_wrap.o(.constdata)
</UL>
<P><STRONG><a name="[a9]"></a>des3_ctx_free</STRONG> (Thumb, 18 bytes, Stack size 8 bytes, cipher_wrap.o(i.des3_ctx_free))
<BR><BR>[Stack]<UL><LI>Max Depth = 24<LI>Call Chain = des3_ctx_free &rArr; free
</UL>
<BR>[Calls]<UL><LI><a href="#[1b3]">&gt;&gt;</a>&nbsp;&nbsp;&nbsp;mbedtls_des3_free
<LI><a href="#[da]">&gt;&gt;</a>&nbsp;&nbsp;&nbsp;free
</UL>
<BR>[Address Reference Count : 2]<UL><LI> cipher_wrap.o(.constdata)
<LI> cipher_wrap.o(.constdata)
</UL>
<P><STRONG><a name="[a7]"></a>des3_set2key_dec_wrap</STRONG> (Thumb, 4 bytes, Stack size 0 bytes, cipher_wrap.o(i.des3_set2key_dec_wrap))
<BR><BR>[Stack]<UL><LI>Max Depth = 444<LI>Call Chain = des3_set2key_dec_wrap &rArr; mbedtls_des3_set2key_dec &rArr; des3_set2key &rArr; mbedtls_des_setkey
</UL>
<BR>[Calls]<UL><LI><a href="#[1b6]">&gt;&gt;</a>&nbsp;&nbsp;&nbsp;mbedtls_des3_set2key_dec
</UL>
<BR>[Address Reference Count : 1]<UL><LI> cipher_wrap.o(.constdata)
</UL>
<P><STRONG><a name="[a6]"></a>des3_set2key_enc_wrap</STRONG> (Thumb, 4 bytes, Stack size 0 bytes, cipher_wrap.o(i.des3_set2key_enc_wrap))
<BR><BR>[Stack]<UL><LI>Max Depth = 444<LI>Call Chain = des3_set2key_enc_wrap &rArr; mbedtls_des3_set2key_enc &rArr; des3_set2key &rArr; mbedtls_des_setkey
</UL>
<BR>[Calls]<UL><LI><a href="#[1b7]">&gt;&gt;</a>&nbsp;&nbsp;&nbsp;mbedtls_des3_set2key_enc
</UL>
<BR>[Address Reference Count : 1]<UL><LI> cipher_wrap.o(.constdata)
</UL>
<P><STRONG><a name="[ab]"></a>des3_set3key_dec_wrap</STRONG> (Thumb, 4 bytes, Stack size 0 bytes, cipher_wrap.o(i.des3_set3key_dec_wrap))
<BR><BR>[Stack]<UL><LI>Max Depth = 444<LI>Call Chain = des3_set3key_dec_wrap &rArr; mbedtls_des3_set3key_dec &rArr; des3_set3key &rArr; mbedtls_des_setkey
</UL>
<BR>[Calls]<UL><LI><a href="#[1b9]">&gt;&gt;</a>&nbsp;&nbsp;&nbsp;mbedtls_des3_set3key_dec
</UL>
<BR>[Address Reference Count : 1]<UL><LI> cipher_wrap.o(.constdata)
</UL>
<P><STRONG><a name="[aa]"></a>des3_set3key_enc_wrap</STRONG> (Thumb, 4 bytes, Stack size 0 bytes, cipher_wrap.o(i.des3_set3key_enc_wrap))
<BR><BR>[Stack]<UL><LI>Max Depth = 444<LI>Call Chain = des3_set3key_enc_wrap &rArr; mbedtls_des3_set3key_enc &rArr; des3_set3key &rArr; mbedtls_des_setkey
</UL>
<BR>[Calls]<UL><LI><a href="#[1ba]">&gt;&gt;</a>&nbsp;&nbsp;&nbsp;mbedtls_des3_set3key_enc
</UL>
<BR>[Address Reference Count : 1]<UL><LI> cipher_wrap.o(.constdata)
</UL>
<P><STRONG><a name="[9f]"></a>des_crypt_cbc_wrap</STRONG> (Thumb, 16 bytes, Stack size 24 bytes, cipher_wrap.o(i.des_crypt_cbc_wrap))
<BR><BR>[Stack]<UL><LI>Max Depth = 92<LI>Call Chain = des_crypt_cbc_wrap &rArr; mbedtls_des_crypt_cbc &rArr; mbedtls_des_crypt_ecb
</UL>
<BR>[Calls]<UL><LI><a href="#[1bb]">&gt;&gt;</a>&nbsp;&nbsp;&nbsp;mbedtls_des_crypt_cbc
</UL>
<BR>[Address Reference Count : 1]<UL><LI> cipher_wrap.o(.constdata)
</UL>
<P><STRONG><a name="[9e]"></a>des_crypt_ecb_wrap</STRONG> (Thumb, 8 bytes, Stack size 0 bytes, cipher_wrap.o(i.des_crypt_ecb_wrap))
<BR><BR>[Stack]<UL><LI>Max Depth = 36<LI>Call Chain = des_crypt_ecb_wrap &rArr; mbedtls_des_crypt_ecb
</UL>
<BR>[Calls]<UL><LI><a href="#[1bc]">&gt;&gt;</a>&nbsp;&nbsp;&nbsp;mbedtls_des_crypt_ecb
</UL>
<BR>[Address Reference Count : 1]<UL><LI> cipher_wrap.o(.constdata)
</UL>
<P><STRONG><a name="[a2]"></a>des_ctx_alloc</STRONG> (Thumb, 26 bytes, Stack size 8 bytes, cipher_wrap.o(i.des_ctx_alloc))
<BR><BR>[Stack]<UL><LI>Max Depth = 72<LI>Call Chain = des_ctx_alloc &rArr; calloc &rArr; malloc &rArr; __Heap_Full &rArr; __Heap_ProvideMemory &rArr; free
</UL>
<BR>[Calls]<UL><LI><a href="#[1bd]">&gt;&gt;</a>&nbsp;&nbsp;&nbsp;mbedtls_des_init
<LI><a href="#[d7]">&gt;&gt;</a>&nbsp;&nbsp;&nbsp;calloc
</UL>
<BR>[Address Reference Count : 1]<UL><LI> cipher_wrap.o(.constdata)
</UL>
<P><STRONG><a name="[a3]"></a>des_ctx_free</STRONG> (Thumb, 18 bytes, Stack size 8 bytes, cipher_wrap.o(i.des_ctx_free))
<BR><BR>[Stack]<UL><LI>Max Depth = 24<LI>Call Chain = des_ctx_free &rArr; free
</UL>
<BR>[Calls]<UL><LI><a href="#[1be]">&gt;&gt;</a>&nbsp;&nbsp;&nbsp;mbedtls_des_free
<LI><a href="#[da]">&gt;&gt;</a>&nbsp;&nbsp;&nbsp;free
</UL>
<BR>[Address Reference Count : 1]<UL><LI> cipher_wrap.o(.constdata)
</UL>
<P><STRONG><a name="[a1]"></a>des_setkey_dec_wrap</STRONG> (Thumb, 4 bytes, Stack size 0 bytes, cipher_wrap.o(i.des_setkey_dec_wrap))
<BR><BR>[Stack]<UL><LI>Max Depth = 48<LI>Call Chain = des_setkey_dec_wrap &rArr; mbedtls_des_setkey_dec &rArr; mbedtls_des_setkey
</UL>
<BR>[Calls]<UL><LI><a href="#[1bf]">&gt;&gt;</a>&nbsp;&nbsp;&nbsp;mbedtls_des_setkey_dec
</UL>
<BR>[Address Reference Count : 1]<UL><LI> cipher_wrap.o(.constdata)
</UL>
<P><STRONG><a name="[a0]"></a>des_setkey_enc_wrap</STRONG> (Thumb, 4 bytes, Stack size 0 bytes, cipher_wrap.o(i.des_setkey_enc_wrap))
<BR><BR>[Stack]<UL><LI>Max Depth = 40<LI>Call Chain = des_setkey_enc_wrap &rArr; mbedtls_des_setkey_enc &rArr; mbedtls_des_setkey
</UL>
<BR>[Calls]<UL><LI><a href="#[1c0]">&gt;&gt;</a>&nbsp;&nbsp;&nbsp;mbedtls_des_setkey_enc
</UL>
<BR>[Address Reference Count : 1]<UL><LI> cipher_wrap.o(.constdata)
</UL>
<P><STRONG><a name="[8e]"></a>gcm_aes_setkey_wrap</STRONG> (Thumb, 10 bytes, Stack size 0 bytes, cipher_wrap.o(i.gcm_aes_setkey_wrap))
<BR><BR>[Stack]<UL><LI>Max Depth = 336<LI>Call Chain = gcm_aes_setkey_wrap &rArr; mbedtls_gcm_setkey &rArr; gcm_gen_table &rArr; mbedtls_cipher_update &rArr; mbedtls_chachapoly_update &rArr; chachapoly_pad_aad &rArr; mbedtls_poly1305_update &rArr; poly1305_process
</UL>
<BR>[Calls]<UL><LI><a href="#[1c1]">&gt;&gt;</a>&nbsp;&nbsp;&nbsp;mbedtls_gcm_setkey
</UL>
<BR>[Address Reference Count : 1]<UL><LI> cipher_wrap.o(.constdata)
</UL>
<P><STRONG><a name="[9c]"></a>gcm_camellia_setkey_wrap</STRONG> (Thumb, 10 bytes, Stack size 0 bytes, cipher_wrap.o(i.gcm_camellia_setkey_wrap))
<BR><BR>[Stack]<UL><LI>Max Depth = 336<LI>Call Chain = gcm_camellia_setkey_wrap &rArr; mbedtls_gcm_setkey &rArr; gcm_gen_table &rArr; mbedtls_cipher_update &rArr; mbedtls_chachapoly_update &rArr; chachapoly_pad_aad &rArr; mbedtls_poly1305_update &rArr; poly1305_process
</UL>
<BR>[Calls]<UL><LI><a href="#[1c1]">&gt;&gt;</a>&nbsp;&nbsp;&nbsp;mbedtls_gcm_setkey
</UL>
<BR>[Address Reference Count : 1]<UL><LI> cipher_wrap.o(.constdata)
</UL>
<P><STRONG><a name="[8f]"></a>gcm_ctx_alloc</STRONG> (Thumb, 24 bytes, Stack size 8 bytes, cipher_wrap.o(i.gcm_ctx_alloc))
<BR><BR>[Stack]<UL><LI>Max Depth = 72<LI>Call Chain = gcm_ctx_alloc &rArr; calloc &rArr; malloc &rArr; __Heap_Full &rArr; __Heap_ProvideMemory &rArr; free
</UL>
<BR>[Calls]<UL><LI><a href="#[1c2]">&gt;&gt;</a>&nbsp;&nbsp;&nbsp;mbedtls_gcm_init
<LI><a href="#[d7]">&gt;&gt;</a>&nbsp;&nbsp;&nbsp;calloc
</UL>
<BR>[Address Reference Count : 2]<UL><LI> cipher_wrap.o(.constdata)
<LI> cipher_wrap.o(.constdata)
</UL>
<P><STRONG><a name="[90]"></a>gcm_ctx_free</STRONG> (Thumb, 18 bytes, Stack size 8 bytes, cipher_wrap.o(i.gcm_ctx_free))
<BR><BR>[Stack]<UL><LI>Max Depth = 24<LI>Call Chain = gcm_ctx_free &rArr; mbedtls_gcm_free &rArr; mbedtls_cipher_free
</UL>
<BR>[Calls]<UL><LI><a href="#[1c3]">&gt;&gt;</a>&nbsp;&nbsp;&nbsp;mbedtls_gcm_free
<LI><a href="#[da]">&gt;&gt;</a>&nbsp;&nbsp;&nbsp;free
</UL>
<BR>[Address Reference Count : 2]<UL><LI> cipher_wrap.o(.constdata)
<LI> cipher_wrap.o(.constdata)
</UL>
<P><STRONG><a name="[8c]"></a>xts_aes_ctx_alloc</STRONG> (Thumb, 24 bytes, Stack size 8 bytes, cipher_wrap.o(i.xts_aes_ctx_alloc))
<BR><BR>[Stack]<UL><LI>Max Depth = 72<LI>Call Chain = xts_aes_ctx_alloc &rArr; calloc &rArr; malloc &rArr; __Heap_Full &rArr; __Heap_ProvideMemory &rArr; free
</UL>
<BR>[Calls]<UL><LI><a href="#[1cf]">&gt;&gt;</a>&nbsp;&nbsp;&nbsp;mbedtls_aes_xts_init
<LI><a href="#[d7]">&gt;&gt;</a>&nbsp;&nbsp;&nbsp;calloc
</UL>
<BR>[Address Reference Count : 1]<UL><LI> cipher_wrap.o(.constdata)
</UL>
<P><STRONG><a name="[8d]"></a>xts_aes_ctx_free</STRONG> (Thumb, 22 bytes, Stack size 8 bytes, cipher_wrap.o(i.xts_aes_ctx_free))
<BR><BR>[Stack]<UL><LI>Max Depth = 24<LI>Call Chain = xts_aes_ctx_free &rArr; free
</UL>
<BR>[Calls]<UL><LI><a href="#[1ce]">&gt;&gt;</a>&nbsp;&nbsp;&nbsp;mbedtls_aes_xts_free
<LI><a href="#[da]">&gt;&gt;</a>&nbsp;&nbsp;&nbsp;free
</UL>
<BR>[Address Reference Count : 1]<UL><LI> cipher_wrap.o(.constdata)
</UL>
<P><STRONG><a name="[8b]"></a>xts_aes_setkey_dec_wrap</STRONG> (Thumb, 4 bytes, Stack size 0 bytes, cipher_wrap.o(i.xts_aes_setkey_dec_wrap))
<BR><BR>[Stack]<UL><LI>Max Depth = 2468<LI>Call Chain = xts_aes_setkey_dec_wrap &rArr; mbedtls_aes_xts_setkey_dec &rArr; mbedtls_aes_setkey_dec &rArr; mbedtls_aes_setkey_enc &rArr; aes_gen_tables
</UL>
<BR>[Calls]<UL><LI><a href="#[1d0]">&gt;&gt;</a>&nbsp;&nbsp;&nbsp;mbedtls_aes_xts_setkey_dec
</UL>
<BR>[Address Reference Count : 1]<UL><LI> cipher_wrap.o(.constdata)
</UL>
<P><STRONG><a name="[8a]"></a>xts_aes_setkey_enc_wrap</STRONG> (Thumb, 4 bytes, Stack size 0 bytes, cipher_wrap.o(i.xts_aes_setkey_enc_wrap))
<BR><BR>[Stack]<UL><LI>Max Depth = 2148<LI>Call Chain = xts_aes_setkey_enc_wrap &rArr; mbedtls_aes_xts_setkey_enc &rArr; mbedtls_aes_setkey_enc &rArr; aes_gen_tables
</UL>
<BR>[Calls]<UL><LI><a href="#[1d2]">&gt;&gt;</a>&nbsp;&nbsp;&nbsp;mbedtls_aes_xts_setkey_enc
</UL>
<BR>[Address Reference Count : 1]<UL><LI> cipher_wrap.o(.constdata)
</UL>
<P><STRONG><a name="[1b4]"></a>des3_set2key</STRONG> (Thumb, 118 bytes, Stack size 16 bytes, des.o(i.des3_set2key))
<BR><BR>[Stack]<UL><LI>Max Depth = 52<LI>Call Chain = des3_set2key &rArr; mbedtls_des_setkey
</UL>
<BR>[Calls]<UL><LI><a href="#[1b5]">&gt;&gt;</a>&nbsp;&nbsp;&nbsp;mbedtls_des_setkey
</UL>
<BR>[Called By]<UL><LI><a href="#[1b7]">&gt;&gt;</a>&nbsp;&nbsp;&nbsp;mbedtls_des3_set2key_enc
<LI><a href="#[1b6]">&gt;&gt;</a>&nbsp;&nbsp;&nbsp;mbedtls_des3_set2key_dec
</UL>

<P><STRONG><a name="[1b8]"></a>des3_set3key</STRONG> (Thumb, 124 bytes, Stack size 16 bytes, des.o(i.des3_set3key))
<BR><BR>[Stack]<UL><LI>Max Depth = 52<LI>Call Chain = des3_set3key &rArr; mbedtls_des_setkey
</UL>
<BR>[Calls]<UL><LI><a href="#[1b5]">&gt;&gt;</a>&nbsp;&nbsp;&nbsp;mbedtls_des_setkey
</UL>
<BR>[Called By]<UL><LI><a href="#[1ba]">&gt;&gt;</a>&nbsp;&nbsp;&nbsp;mbedtls_des3_set3key_enc
<LI><a href="#[1b9]">&gt;&gt;</a>&nbsp;&nbsp;&nbsp;mbedtls_des3_set3key_dec
</UL>

<P><STRONG><a name="[1c4]"></a>gcm_gen_table</STRONG> (Thumb, 256 bytes, Stack size 64 bytes, gcm.o(i.gcm_gen_table))
<BR><BR>[Stack]<UL><LI>Max Depth = 312<LI>Call Chain = gcm_gen_table &rArr; mbedtls_cipher_update &rArr; mbedtls_chachapoly_update &rArr; chachapoly_pad_aad &rArr; mbedtls_poly1305_update &rArr; poly1305_process
</UL>
<BR>[Calls]<UL><LI><a href="#[177]">&gt;&gt;</a>&nbsp;&nbsp;&nbsp;mbedtls_cipher_update
</UL>
<BR>[Called By]<UL><LI><a href="#[1c1]">&gt;&gt;</a>&nbsp;&nbsp;&nbsp;mbedtls_gcm_setkey
</UL>

<P><STRONG><a name="[1dc]"></a>gcm_mult</STRONG> (Thumb, 250 bytes, Stack size 36 bytes, gcm.o(i.gcm_mult))
<BR><BR>[Stack]<UL><LI>Max Depth = 36<LI>Call Chain = gcm_mult
</UL>
<BR>[Called By]<UL><LI><a href="#[1db]">&gt;&gt;</a>&nbsp;&nbsp;&nbsp;mbedtls_gcm_update
</UL>

<P><STRONG><a name="[1dd]"></a>poly1305_process</STRONG> (Thumb, 562 bytes, Stack size 112 bytes, poly1305.o(i.poly1305_process))
<BR><BR>[Stack]<UL><LI>Max Depth = 112<LI>Call Chain = poly1305_process
</UL>
<BR>[Called By]<UL><LI><a href="#[1ae]">&gt;&gt;</a>&nbsp;&nbsp;&nbsp;mbedtls_poly1305_update
</UL>

<P><STRONG><a name="[69]"></a>_printf_input_char</STRONG> (Thumb, 10 bytes, Stack size 0 bytes, _printf_char_common.o(.text))
<BR>[Address Reference Count : 1]<UL><LI> _printf_char_common.o(.text)
</UL><P>
<H3>
Undefined Global Symbols
</H3><HR></body></html>
